[    4.579371] acpiphp: Slot [3] registered
[    4.594575] acpiphp: Slot [4] registered
[    4.606569] acpiphp: Slot [5] registered
[    4.618647] acpiphp: Slot [6] registered
[    4.630470] acpiphp: Slot [7] registered
[    4.642574] acpiphp: Slot [8] registered
[    4.654567] acpiphp: Slot [9] registered
[    4.666630] acpiphp: Slot [10] registered
[    4.678571] acpiphp: Slot [11] registered
[    4.694473] acpiphp: Slot [12] registered
[    4.706560] acpiphp: Slot [13] registered
[    4.718584] acpiphp: Slot [14] registered
[    4.730451] acpiphp: Slot [15] registered
[    4.746567] acpiphp: Slot [16] registered
[    4.758625] acpiphp: Slot [17] registered
[    4.770668] acpiphp: Slot [18] registered
[    4.782655] acpiphp: Slot [19] registered
[    4.794591] acpiphp: Slot [20] registered
[    4.806564] acpiphp: Slot [21] registered
[    4.822473] acpiphp: Slot [22] registered
[    4.834688] acpiphp: Slot [23] registered
[    4.846564] acpiphp: Slot [24] registered
[    4.858596] acpiphp: Slot [25] registered
[    4.870569] acpiphp: Slot [26] registered
[    4.882572] acpiphp: Slot [27] registered
[    4.894567] acpiphp: Slot [28] registered
[    4.906696] acpiphp: Slot [29] registered
[    4.918589] acpiphp: Slot [30] registered
[    4.930570] acpiphp: Slot [31] registered
[    4.942542] PCI host bridge to bus 0000:00
[    4.954436] pci_bus 0000:00: root bus resource [io  0x0000-0x0cf7 window]
[    4.970438] pci_bus 0000:00: root bus resource [io  0x0d00-0xffff window]
[    4.990474] pci_bus 0000:00: root bus resource [mem 0x000a0000-0x000bffff wi]
[    5.010438] pci_bus 0000:00: root bus resource [mem 0xc0000000-0xfebfffff wi]
[    5.034439] pci_bus 0000:00: root bus resource [mem 0x140000000-0x1bfffffff ]
[    5.054442] pci_bus 0000:00: root bus resource [bus 00-ff]
[    5.066803] pci 0000:00:00.0: [8086:1237] type 00 class 0x060000
[    5.099042] pci 0000:00:01.0: [8086:7000] type 00 class 0x060100
[    5.124564] pci 0000:00:01.1: [8086:7010] type 00 class 0x010180
[    5.148147] pci 0000:00:01.1: reg 0x20: [io  0xc0a0-0xc0af]
[    5.168125] pci 0000:00:01.1: legacy IDE quirk: reg 0x10: [io  0x01f0-0x01f7]
[    5.186437] pci 0000:00:01.1: legacy IDE quirk: reg 0x14: [io  0x03f6]
[    5.206438] pci 0000:00:01.1: legacy IDE quirk: reg 0x18: [io  0x0170-0x0177]
[    5.226438] pci 0000:00:01.1: legacy IDE quirk: reg 0x1c: [io  0x0376]
[    5.247715] pci 0000:00:01.3: [8086:7113] type 00 class 0x068000
[    5.271310] pci 0000:00:01.3: quirk: [io  0x0600-0x063f] claimed by PIIX4 ACI
[    5.290571] pci 0000:00:01.3: quirk: [io  0x0700-0x070f] claimed by PIIX4 SMB
[    5.310872] pci 0000:00:01.3: quirk_piix4_acpi+0x0/0x170 took 39062 usecs
[    5.345104] pci 0000:00:02.0: [1234:1111] type 00 class 0x030000
[    5.372170] pci 0000:00:02.0: reg 0x10: [mem 0xfd000000-0xfdffffff pref]
[    5.401390] pci 0000:00:02.0: reg 0x18: [mem 0xfeb90000-0xfeb90fff]
[    5.434939] pci 0000:00:02.0: reg 0x30: [mem 0xfeb80000-0xfeb8ffff pref]
[    5.468697] pci 0000:00:03.0: [1af4:1000] type 00 class 0x020000
[    5.488919] pci 0000:00:03.0: reg 0x10: [io  0xc080-0xc09f]
[    5.506437] pci 0000:00:03.0: reg 0x14: [mem 0xfeb91000-0xfeb91fff]
[    5.529863] pci 0000:00:03.0: reg 0x20: [mem 0xfe000000-0xfe003fff 64bit pre]
[    5.552763] pci 0000:00:03.0: reg 0x30: [mem 0xfeb00000-0xfeb7ffff pref]
[    5.588547] pci 0000:00:04.0: [1af4:1001] type 00 class 0x010000
[    5.597197] pci 0000:00:04.0: reg 0x10: [io  0xc000-0xc07f]
[    5.604348] pci 0000:00:04.0: reg 0x14: [mem 0xfeb92000-0xfeb92fff]
[    5.612821] pci 0000:00:04.0: reg 0x20: [mem 0xfe004000-0xfe007fff 64bit pre]
[    5.851755] ACPI: PCI Interrupt Link [LNKA] (IRQs 5 *10 11)
[    5.858570] ACPI: PCI Interrupt Link [LNKB] (IRQs 5 *10 11)
[    5.863099] ACPI: PCI Interrupt Link [LNKC] (IRQs 5 10 *11)
[    5.867250] ACPI: PCI Interrupt Link [LNKD] (IRQs 5 10 *11)
[    5.874513] ACPI: PCI Interrupt Link [LNKS] (IRQs *9)
[    5.883724] iommu: Default domain type: Translated
[    5.888698] SCSI subsystem initialized
[    5.890920] pci 0000:00:02.0: vgaarb: setting as boot VGA device
[    5.894427] pci 0000:00:02.0: vgaarb: VGA device added: decodes=io+mem,owns=e
[    5.922439] pci 0000:00:02.0: vgaarb: bridge control possible
[    5.938435] vgaarb: loaded
[    5.946706] ACPI: bus type USB registered
[    5.966495] usbcore: registered new interface driver usbfs
[    5.978527] usbcore: registered new interface driver hub
[    5.990513] usbcore: registered new device driver usb
[    6.002696] pps_core: LinuxPPS API ver. 1 registered
[    6.014433] pps_core: Software ver. 5.3.6 - Copyright 2005-2007 Rodolfo Giom>
[    6.034449] PTP clock support registered
[    6.042689] EDAC MC: Ver: 3.0.0
[    6.055222] PCI: Using ACPI for IRQ routing
[    6.063392] NetLabel: Initializing
[    6.066433] NetLabel:  domain hash size = 128
[    6.070433] NetLabel:  protocols = UNLABELED CIPSOv4 CALIPSO
[    6.074592] NetLabel:  unlabeled traffic allowed by default
[    6.078845] hpet: 3 channels of 0 reserved for per-cpu timers
[    6.094540] hpet0: at MMIO 0xfed00000, IRQs 2, 8, 0
[    6.102434] hpet0: 3 comparators, 64-bit 100.000000 MHz counter
[    6.122887] clocksource: Switched to clocksource kvm-clock
[    6.168328] *** VALIDATE bpf ***
[    6.176279] VFS: Disk quotas dquot_6.6.0
[    6.185175] VFS: Dquot-cache hash table entries: 512 (order 0, 4096 bytes)
[    6.200556] *** VALIDATE ramfs ***
[    6.208315] *** VALIDATE hugetlbfs ***
[    6.217537] AppArmor: AppArmor Filesystem Enabled
[    6.229367] pnp: PnP ACPI init
[    6.238669] pnp: PnP ACPI: found 6 devices
[    6.273794] thermal_sys: Registered thermal governor 'fair_share'
[    6.273795] thermal_sys: Registered thermal governor 'bang_bang'
[    6.294920] thermal_sys: Registered thermal governor 'step_wise'
[    6.307712] thermal_sys: Registered thermal governor 'user_space'
[    6.323421] thermal_sys: Registered thermal governor 'power_allocator'
[    6.344939] clocksource: acpi_pm: mask: 0xffffff max_cycles: 0xffffff, max_is
[    6.378065] pci_bus 0000:00: resource 4 [io  0x0000-0x0cf7 window]
[    6.392456] pci_bus 0000:00: resource 5 [io  0x0d00-0xffff window]
[    6.407420] pci_bus 0000:00: resource 6 [mem 0x000a0000-0x000bffff window]
[    6.423243] pci_bus 0000:00: resource 7 [mem 0xc0000000-0xfebfffff window]
[    6.437860] pci_bus 0000:00: resource 8 [mem 0x140000000-0x1bfffffff window]
[    6.452907] NET: Registered protocol family 2
[    6.464195] tcp_listen_portaddr_hash hash table entries: 2048 (order: 3, 327)
[    6.482377] TCP established hash table entries: 32768 (order: 6, 262144 byte)
[    6.501648] TCP bind hash table entries: 32768 (order: 7, 524288 bytes, line)
[    6.518397] TCP: Hash tables configured (established 32768 bind 32768)
[    6.532759] UDP hash table entries: 2048 (order: 4, 65536 bytes, linear)
[    6.547108] UDP-Lite hash table entries: 2048 (order: 4, 65536 bytes, linear)
[    6.563251] NET: Registered protocol family 1
[    6.573042] NET: Registered protocol family 44
[    6.586018] pci 0000:00:01.0: PIIX3: Enabling Passive Release
[    6.598761] pci 0000:00:00.0: quirk_passive_release+0x0/0x80 took 12537 usecs
[    6.613926] pci 0000:00:00.0: Limiting direct PCI/PCI transfers
[    6.626589] pci 0000:00:00.0: quirk_natoma+0x0/0x20 took 12397 usecs
[    6.640468] pci 0000:00:01.0: Activating ISA DMA hang workarounds
[    6.655018] pci 0000:00:01.0: quirk_isa_dma_hangs+0x0/0x20 took 14204 usecs
[    6.670389] pci 0000:00:02.0: Video device with shadowed ROM at [mem 0x000c0]
[    6.688036] pci 0000:00:02.0: pci_fixup_video+0x0/0xe0 took 17522 usecs
[    6.702080] PCI: CLS 0 bytes, default 64
[    6.715068] PCI-DMA: Using software bounce buffering for IO (SWIOTLB)
[    6.730950] software IO TLB: mapped [mem 0xbbfdd000-0xbffdd000] (64MB)
[    6.744616] clocksource: tsc: mask: 0xffffffffffffffff max_cycles: 0x255cb51s
[    6.765456] check: Scanning for low memory corruption every 60 seconds
[    6.780758] Initialise system trusted keyrings
[    6.791045] Key type blacklist registered
[    6.800685] workingset: timestamp_bits=36 max_order=20 bucket_order=0
[    6.818801] zbud: loaded
[    6.825666] squashfs: version 4.0 (2009/01/31) Phillip Lougher
[    6.840034] fuse: init (API version 7.31)
[    6.849689] *** VALIDATE fuse ***
[    6.857648] *** VALIDATE fuse ***
[    6.867342] Platform Keyring initialized
[    6.880659] Key type asymmetric registered
[    6.892528] Asymmetric key parser 'x509' registered
[    6.903849] Block layer SCSI generic (bsg) driver version 0.4 loaded (major )
[    6.920417] io scheduler mq-deadline registered
[    6.931251] shpchp: Standard Hot Plug PCI Controller Driver version: 0.4
[    6.946043] input: Power Button as /devices/LNXSYSTM:00/LNXPWRBN:00/input/in0
[    6.963394] ACPI: Power Button [PWRF]
[    7.022009] PCI Interrupt Link [LNKC] enabled at IRQ 11
[    7.092021] PCI Interrupt Link [LNKD] enabled at IRQ 10
[    7.118166] Serial: 8250/16550 driver, 32 ports, IRQ sharing enabled
[    7.178706] 00:05: ttyS0 at I/O 0x3f8 (irq = 4, base_baud = 115200) is a 165A
[    7.208329] Linux agpgart interface v0.103
[    7.225982] loop: module loaded
[    7.249541] scsi host0: ata_piix
[    7.259777] scsi host1: ata_piix
[    7.267775] ata1: PATA max MWDMA2 cmd 0x1f0 ctl 0x3f6 bmdma 0xc0a0 irq 14
[    7.283581] ata2: PATA max MWDMA2 cmd 0x170 ctl 0x376 bmdma 0xc0a8 irq 15
[    7.302355] libphy: Fixed MDIO Bus: probed
[    7.311722] tun: Universal TUN/TAP device driver, 1.6
[    7.323450] PPP generic driver version 2.4.2
[    7.333419] VFIO - User Level meta-driver version: 0.3
[    7.347321] ehci_hcd: USB 2.0 'Enhanced' Host Controller (EHCI) Driver
[    7.366618] ehci-pci: EHCI PCI platform driver
[    7.379200] ehci-platform: EHCI generic platform driver
[    7.393815] ohci_hcd: USB 1.1 'Open' Host Controller (OHCI) Driver
[    7.411379] ohci-pci: OHCI PCI platform driver
[    7.423177] ohci-platform: OHCI generic platform driver
[    7.436814] uhci_hcd: USB Universal Host Controller Interface driver
[    7.454855] i8042: PNP: PS/2 Controller [PNP0303:KBD,PNP0f13:MOU] at 0x60,0x2
[    7.482187] serio: i8042 KBD port at 0x60,0x64 irq 1
[    7.482309] ata2.00: ATAPI: QEMU DVD-ROM, 2.5+, max UDMA/100
[    7.495753] serio: i8042 AUX port at 0x60,0x64 irq 12
[    7.520528] scsi 1:0:0:0: CD-ROM            QEMU     QEMU DVD-ROM     2.5+ P5
[    7.532033] mousedev: PS/2 mouse device common for all mice
[    7.559110] sr 1:0:0:0: [sr0] scsi3-mmc drive: 4x/4x cd/rw xa/form2 tray
[    7.567079] rtc_cmos 00:00: RTC can wake from S4
[    7.582089] cdrom: Uniform CD-ROM driver Revision: 3.20
[    7.601482] rtc_cmos 00:00: registered as rtc0
[    7.622258] rtc_cmos 00:00: alarms up to one day, y3k, 114 bytes nvram, hpets
[    7.643908] i2c /dev entries driver
[    7.644062] sr 1:0:0:0: Attached scsi generic sg0 type 5
[    7.654775] device-mapper: uevent: version 1.0.3
[    7.680923] device-mapper: ioctl: 4.41.0-ioctl (2019-09-16) initialised: dm-m
[    7.698813] platform eisa.0: Probing EISA bus 0
[    7.698830] input: AT Translated Set 2 keyboard as /devices/platform/i8042/s1
[    7.711223] platform eisa.0: EISA: Cannot allocate resource for mainboard
[    7.711226] platform eisa.0: Cannot allocate resource for EISA slot 1
[    7.711228] platform eisa.0: Cannot allocate resource for EISA slot 2
[    7.711230] platform eisa.0: Cannot allocate resource for EISA slot 3
[    7.711231] platform eisa.0: Cannot allocate resource for EISA slot 4
[    7.711232] platform eisa.0: Cannot allocate resource for EISA slot 5
[    7.711233] platform eisa.0: Cannot allocate resource for EISA slot 6
[    7.711234] platform eisa.0: Cannot allocate resource for EISA slot 7
[    7.711236] platform eisa.0: Cannot allocate resource for EISA slot 8
[    7.855232] platform eisa.0: EISA: Detected 0 cards
[    7.865223] intel_pstate: CPU model not supported
[    7.875930] ledtrig-cpu: registered to indicate activity on CPUs
[    7.889093] drop_monitor: Initializing network drop monitor service
[    7.902989] NET: Registered protocol family 10
[    7.921721] Segment Routing with IPv6
[    7.931010] NET: Registered protocol family 17
[    7.941129] Key type dns_resolver registered
[    7.956216] RAS: Correctable Errors collector initialized.
[    7.972395] IPI shorthand broadcast: enabled
[    7.984375] sched_clock: Marking stable (6188716613, 1795592454)->(844986770)
[    8.010030] registered taskstats version 1
[    8.022892] Loading compiled-in X.509 certificates
[    8.039889] Loaded X.509 cert 'Build time autogenerated kernel key: a196b6c0'
[    8.068762] zswap: loaded using pool lzo/zbud
[    8.087428] Key type ._fscrypt registered
[    8.096644] Key type .fscrypt registered
[    8.110710] Key type big_key registered
[    8.124014] Key type encrypted registered
[    8.133008] AppArmor: AppArmor sha1 policy hashing enabled
[    8.145526] ima: No TPM chip found, activating TPM-bypass!
[    8.157512] ima: Allocated hash algorithm: sha1
[    8.166830] ima: No architecture policies found
[    8.176272] evm: Initialising EVM extended attributes:
[    8.187406] evm: security.selinux
[    8.194484] evm: security.SMACK64
[    8.202072] evm: security.SMACK64EXEC
[    8.210324] evm: security.SMACK64TRANSMUTE
[    8.219762] evm: security.SMACK64MMAP
[    8.228205] evm: security.apparmor
[    8.236126] evm: security.ima
[    8.244028] evm: security.capability
[    8.254608] evm: HMAC attrs: 0x1
[    8.263003] PM:   Magic number: 1:203:236
[    8.272069] PM:   hash matches drivers/base/power/main.c:1517
[    8.285704] rtc_cmos 00:00: setting system clock to 2021-12-04T16:13:19 UTC )
[    8.306777] md: Waiting for all devices to be available before autodetect
[    8.320354] md: If you don't use raid, use raid=noautodetect
[    8.334722] md: Autodetecting RAID arrays.
[    8.344094] md: autorun ...
[    8.352711] md: ... autorun DONE.
[    8.360111] VFS: Cannot open root device "PARTUUID=d6580da4-156a-40c4-b838-d6
[    8.383046] Please append a correct "root=" boot option; here are the availa:
[    8.400736] 0b00         1048575 sr0
[    8.400738]  driver: sr
[    8.414869] Kernel panic - not syncing: VFS: Unable to mount root fs on unkn)
[    8.433108] CPU: 1 PID: 1 Comm: swapper/0 Not tainted 5.4.0-62-generic #70-Uu
[    8.451751] Hardware name: QEMU Standard PC (i440FX + PIIX, 1996), BIOS 1.134
[    8.470825] Call Trace:
[    8.476538]  dump_stack+0x6d/0x9a
[    8.484046]  panic+0x101/0x2e3
[    8.491921]  mount_block_root+0x23f/0x2e8
[    8.500685]  mount_root+0x38/0x3a
[    8.508982]  prepare_namespace+0x13f/0x194
[    8.518226]  kernel_init_freeable+0x231/0x255
[    8.528985]  ? rest_init+0xb0/0xb0
[    8.537340]  kernel_init+0xe/0x110
[    8.545125]  ret_from_fork+0x35/0x40
[    8.554978] Kernel Offset: 0x23a00000 from 0xffffffff81000000 (relocation ra)
SeaBIOS (version 1.13.0-1ubuntu1.1)
Machine UUID 1dbee271-62dd-4768-8f4f-3551dc70c148


iPXE (http://ipxe.org) 00:03.0 CA00 PCI2.10 PnP PMM+BFF8C9A0+BFECC9A0 CA00



Booting from Hard Disk...
[    0.000000] Linux version 5.4.0-62-generic (buildd@lgw01-amd64-045) (gcc ver)
[    0.000000] Command line: BOOT_IMAGE=/boot/vmlinuz-5.4.0-62-generic root=PAR0
[    0.000000] KERNEL supported cpus:
[    0.000000]   Intel GenuineIntel
[    0.000000]   AMD AuthenticAMD
[    0.000000]   Hygon HygonGenuine
[    0.000000]   Centaur CentaurHauls
[    0.000000]   zhaoxin   Shanghai
[    0.000000] x86/fpu: x87 FPU will use FXSAVE
[    0.000000] BIOS-provided physical RAM map:
[    0.000000] BIOS-e820: [mem 0x0000000000000000-0x000000000009fbff] usable
[    0.000000] BIOS-e820: [mem 0x000000000009fc00-0x000000000009ffff] reserved
[    0.000000] BIOS-e820: [mem 0x00000000000f0000-0x00000000000fffff] reserved
[    0.000000] BIOS-e820: [mem 0x0000000000100000-0x00000000bffdcfff] usable
[    0.000000] BIOS-e820: [mem 0x00000000bffdd000-0x00000000bfffffff] reserved
[    0.000000] BIOS-e820: [mem 0x00000000feffc000-0x00000000feffffff] reserved
[    0.000000] BIOS-e820: [mem 0x00000000fffc0000-0x00000000ffffffff] reserved
[    0.000000] BIOS-e820: [mem 0x0000000100000000-0x000000013fdfffff] usable
[    0.000000] NX (Execute Disable) protection: active
[    0.000000] SMBIOS 2.8 present.
[    0.000000] DMI: QEMU Standard PC (i440FX + PIIX, 1996), BIOS 1.13.0-1ubuntu4
[    0.000000] Hypervisor detected: KVM
[    0.000000] kvm-clock: Using msrs 4b564d01 and 4b564d00
[    0.000001] kvm-clock: cpu 0, msr 9b401001, primary cpu clock
[    0.000001] kvm-clock: using sched offset of 34386891858 cycles
[    0.000100] clocksource: kvm-clock: mask: 0xffffffffffffffff max_cycles: 0x1s
[    0.000231] tsc: Detected 2591.998 MHz processor
[    0.005909] last_pfn = 0x13fe00 max_arch_pfn = 0x400000000
[    0.007518] x86/PAT: PAT not supported by CPU.
[    0.007870] x86/PAT: Configuration [0-7]: WB  WT  UC- UC  WB  WT  UC- UC
[    0.008030] last_pfn = 0xbffdd max_arch_pfn = 0x400000000
[    1.525437] found SMP MP-table at [mem 0x000f5c90-0x000f5c9f]
[    1.551321] check: Scanning 1 areas for low memory corruption
[    1.553011] RAMDISK: [mem 0x34c81000-0x36637fff]
[    1.553267] ACPI: Early table checksum verification disabled
[    1.553594] ACPI: RSDP 0x00000000000F5AA0 000014 (v00 BOCHS )
[    1.553737] ACPI: RSDT 0x00000000BFFE15C9 000030 (v01 BOCHS  BXPCRSDT 000000)
[    1.553946] ACPI: FACP 0x00000000BFFE149D 000074 (v01 BOCHS  BXPCFACP 000000)
[    1.554231] ACPI: DSDT 0x00000000BFFE0040 00145D (v01 BOCHS  BXPCDSDT 000000)
[    1.554370] ACPI: FACS 0x00000000BFFE0000 000040
[    1.554507] ACPI: APIC 0x00000000BFFE1511 000080 (v01 BOCHS  BXPCAPIC 000000)
[    1.554644] ACPI: HPET 0x00000000BFFE1591 000038 (v01 BOCHS  BXPCHPET 000000)
[    1.559105] No NUMA configuration found
[    1.559107] Faking a node at [mem 0x0000000000000000-0x000000013fdfffff]
[    1.559251] NODE_DATA(0) allocated [mem 0x13fdd2000-0x13fdfcfff]
[    1.561303] Zone ranges:
[    1.561305]   DMA      [mem 0x0000000000001000-0x0000000000ffffff]
[    1.561307]   DMA32    [mem 0x0000000001000000-0x00000000ffffffff]
[    1.561309]   Normal   [mem 0x0000000100000000-0x000000013fdfffff]
[    1.561311]   Device   empty
[    1.561313] Movable zone start for each node
[    1.561318] Early memory node ranges
[    1.561320]   node   0: [mem 0x0000000000001000-0x000000000009efff]
[    1.561321]   node   0: [mem 0x0000000000100000-0x00000000bffdcfff]
[    1.561324]   node   0: [mem 0x0000000100000000-0x000000013fdfffff]
[    1.561435] Zeroed struct page in unavailable ranges: 645 pages
[    1.561469] Initmem setup node 0 [mem 0x0000000000001000-0x000000013fdfffff]
[    1.594017] ACPI: PM-Timer IO Port: 0x608
[    1.594585] ACPI: LAPIC_NMI (acpi_id[0xff] dfl dfl lint[0x1])
[    1.595195] IOAPIC[0]: apic_id 0, version 17, address 0xfec00000, GSI 0-23
[    1.595321] ACPI: INT_SRC_OVR (bus 0 bus_irq 0 global_irq 2 dfl dfl)
[    1.595325] ACPI: INT_SRC_OVR (bus 0 bus_irq 5 global_irq 5 high level)
[    1.595327] ACPI: INT_SRC_OVR (bus 0 bus_irq 9 global_irq 9 high level)
[    1.595364] ACPI: INT_SRC_OVR (bus 0 bus_irq 10 global_irq 10 high level)
[    1.595366] ACPI: INT_SRC_OVR (bus 0 bus_irq 11 global_irq 11 high level)
[    1.595478] Using ACPI (MADT) for SMP configuration information
[    1.595515] ACPI: HPET id: 0x8086a201 base: 0xfed00000
[    1.595662] smpboot: Allowing 2 CPUs, 0 hotplug CPUs
[    1.596113] PM: Registered nosave memory: [mem 0x00000000-0x00000fff]
[    1.596116] PM: Registered nosave memory: [mem 0x0009f000-0x0009ffff]
[    1.596118] PM: Registered nosave memory: [mem 0x000a0000-0x000effff]
[    1.596119] PM: Registered nosave memory: [mem 0x000f0000-0x000fffff]
[    1.596121] PM: Registered nosave memory: [mem 0xbffdd000-0xbfffffff]
[    1.596123] PM: Registered nosave memory: [mem 0xc0000000-0xfeffbfff]
[    1.596124] PM: Registered nosave memory: [mem 0xfeffc000-0xfeffffff]
[    1.596126] PM: Registered nosave memory: [mem 0xff000000-0xfffbffff]
[    1.596127] PM: Registered nosave memory: [mem 0xfffc0000-0xffffffff]
[    1.596130] [mem 0xc0000000-0xfeffbfff] available for PCI devices
[    1.596132] Booting paravirtualized kernel on KVM
[    1.596203] clocksource: refined-jiffies: mask: 0xffffffff max_cycles: 0xfffs
[    1.596243] setup_percpu: NR_CPUS:8192 nr_cpumask_bits:2 nr_cpu_ids:2 nr_nod1
[    1.597185] percpu: Embedded 55 pages/cpu s188416 r8192 d28672 u1048576
[    1.597438] KVM setup async PF for cpu 0
[    1.597529] kvm-stealtime: cpu 0, msr 13b82d040
[    1.597597] Built 1 zonelists, mobility grouping on.  Total pages: 1031534
[    1.597599] Policy zone: Normal
[    1.597602] Kernel command line: BOOT_IMAGE=/boot/vmlinuz-5.4.0-62-generic r0
[    1.598454] Dentry cache hash table entries: 524288 (order: 10, 4194304 byte)
[    1.598611] Inode-cache hash table entries: 262144 (order: 9, 2097152 bytes,)
[    1.602101] mem auto-init: stack:off, heap alloc:on, heap free:off
[    1.679597] Memory: 3994212K/4191724K available (14339K kernel code, 2399K r)
[    1.679706] random: get_random_u64 called from kmem_cache_open+0x2d/0x410 wi0
[    1.680226] SLUB: HWalign=64, Order=0-3, MinObjects=0, CPUs=2, Nodes=1
[    1.680424] Kernel/User page tables isolation: enabled
[    1.682970] ftrace: allocating 44555 entries in 175 pages
[    1.774057] rcu: Hierarchical RCU implementation.
[    1.774060] rcu:     RCU restricting CPUs from NR_CPUS=8192 to nr_cpu_ids=2.
[    1.774112]  Tasks RCU enabled.
[    1.774114] rcu: RCU calculated value of scheduler-enlistment delay is 25 ji.
[    1.774116] rcu: Adjusting geometry for rcu_fanout_leaf=16, nr_cpu_ids=2
[    1.781450] NR_IRQS: 524544, nr_irqs: 440, preallocated irqs: 16
[    1.915971] Console: colour VGA+ 80x25
[    2.358444] printk: console [tty1] enabled
[    3.754381] printk: console [ttyS0] enabled
[    3.770477] ACPI: Core revision 20190816
[    3.788020] clocksource: hpet: mask: 0xffffffff max_cycles: 0xffffffff, max_s
[    3.818196] APIC: Switch to symmetric I/O mode setup
[    3.838897] x2apic enabled
[    3.852052] Switched APIC routing to physical x2apic.
[    3.888860] ..TIMER: vector=0x30 apic1=0 pin1=2 apic2=-1 pin2=-1
[    3.904685] clocksource: tsc-early: mask: 0xffffffffffffffff max_cycles: 0x2s
[    3.935692] Calibrating delay loop (skipped) preset value.. 5183.99 BogoMIPS)
[    3.939568] pid_max: default: 32768 minimum: 301
[    3.947900] LSM: Security Framework initializing
[    3.952070] Yama: becoming mindful.
[    3.956028] AppArmor: AppArmor initialized
[    3.961062] Mount-cache hash table entries: 8192 (order: 4, 65536 bytes, lin)
[    3.964038] Mountpoint-cache hash table entries: 8192 (order: 4, 65536 bytes)
[    3.967802] *** VALIDATE tmpfs ***
[    3.977261] *** VALIDATE proc ***
[    3.980022] *** VALIDATE cgroup1 ***
[    3.983598] *** VALIDATE cgroup2 ***
[    3.995191] Last level iTLB entries: 4KB 0, 2MB 0, 4MB 0
[    3.995552] Last level dTLB entries: 4KB 0, 2MB 0, 4MB 0, 1GB 0
[    3.999601] Spectre V1 : Mitigation: usercopy/swapgs barriers and __user poin
[    4.003527] Spectre V2 : Mitigation: Full generic retpoline
[    4.007524] Spectre V2 : Spectre v2 / SpectreRSB mitigation: Filling RSB on h
[    4.011524] Speculative Store Bypass: Vulnerable
[    4.015568] MDS: Vulnerable: Clear CPU buffers attempted, no microcode
[    4.021716] Freeing SMP alternatives memory: 40K
[    4.150592] smpboot: CPU0: Intel QEMU Virtual CPU version 2.5+ (family: 0x6,)
[    4.160333] Performance Events: PMU not available due to virtualization, usi.
[    4.171917] rcu: Hierarchical SRCU implementation.
[    4.184587] NMI watchdog: Perf NMI watchdog permanently disabled
[    4.187897] smp: Bringing up secondary CPUs ...
[    4.192393] x86: Booting SMP configuration:
[    4.195532] .... node  #0, CPUs:      #1
[    2.129410] kvm-clock: cpu 1, msr 9b401041, secondary cpu clock
[    4.213530] KVM setup async PF for cpu 1
[    4.215517] kvm-stealtime: cpu 1, msr 13b92d040
[    4.288687] smp: Brought up 1 node, 2 CPUs
[    4.291527] smpboot: Max logical packages: 1
[    4.295526] smpboot: Total of 2 processors activated (10367.99 BogoMIPS)
[    4.304133] devtmpfs: initialized
[    4.307865] x86/mm: Memory block size: 128MB
[    4.313917] clocksource: jiffies: mask: 0xffffffff max_cycles: 0xffffffff, ms
[    4.335537] futex hash table entries: 512 (order: 3, 32768 bytes, linear)
[    4.355903] pinctrl core: initialized pinctrl subsystem
[    4.360708] PM: RTC time: 16:13:40, date: 2021-12-04
[    4.365671] NET: Registered protocol family 16
[    4.367964] audit: initializing netlink subsys (disabled)
[    4.371858] audit: type=2000 audit(1638634418.261:1): state=initialized audi1
[    4.371858] EISA bus registered
[    4.383765] cpuidle: using governor ladder
[    4.387625] cpuidle: using governor menu
[    4.392839] ACPI: bus type PCI registered
[    4.395572] acpiphp: ACPI Hot Plug PCI Controller Driver version: 0.5
[    4.400581] PCI: Using configuration type 1 for base access
[    4.411889] HugeTLB registered 2.00 MiB page size, pre-allocated 0 pages
[    4.443565] ACPI: Added _OSI(Module Device)
[    4.451601] ACPI: Added _OSI(Processor Device)
[    4.467562] ACPI: Added _OSI(3.0 _SCP Extensions)
[    4.479532] ACPI: Added _OSI(Processor Aggregator Device)
[    4.495550] ACPI: Added _OSI(Linux-Dell-Video)
[    4.503527] ACPI: Added _OSI(Linux-Lenovo-NV-HDMI-Audio)
[    4.519528] ACPI: Added _OSI(Linux-HPI-Hybrid-Graphics)
[    4.533582] ACPI: 1 ACPI AML tables successfully acquired and loaded
[    4.558149] ACPI: Interpreter enabled
[    4.567550] ACPI: (supports S0 S3 S4 S5)
[    4.575525] ACPI: Using IOAPIC for interrupt routing
[    4.591610] PCI: Using host bridge windows from ACPI; if necessary, use "pcig
[    4.621217] ACPI: Enabled 2 GPEs in block 00 to 0F
[    4.638676] ACPI: PCI Root Bridge [PCI0] (domain 0000 [bus 00-ff])
[    4.659548] acpi PNP0A03:00: _OSC: OS supports [ASPM ClockPM Segments MSI HP]
[    4.679583] acpi PNP0A03:00: fail to add MMCONFIG information, can't access .
[    4.712404] acpiphp: Slot [3] registered
[    4.727676] acpiphp: Slot [4] registered
[    4.743664] acpiphp: Slot [5] registered
[    4.751690] acpiphp: Slot [6] registered
[    4.763656] acpiphp: Slot [7] registered
[    4.771655] acpiphp: Slot [8] registered
[    4.783686] acpiphp: Slot [9] registered
[    4.791656] acpiphp: Slot [10] registered
[    4.799650] acpiphp: Slot [11] registered
[    4.811670] acpiphp: Slot [12] registered
[    4.819654] acpiphp: Slot [13] registered
[    4.827747] acpiphp: Slot [14] registered
[    4.839713] acpiphp: Slot [15] registered
[    4.851655] acpiphp: Slot [16] registered
[    4.859655] acpiphp: Slot [17] registered
[    4.867658] acpiphp: Slot [18] registered
[    4.879661] acpiphp: Slot [19] registered
[    4.887644] acpiphp: Slot [20] registered
[    4.899681] acpiphp: Slot [21] registered
[    4.911682] acpiphp: Slot [22] registered
[    4.919661] acpiphp: Slot [23] registered
[    4.931926] acpiphp: Slot [24] registered
[    4.939666] acpiphp: Slot [25] registered
[    4.951644] acpiphp: Slot [26] registered
[    4.959653] acpiphp: Slot [27] registered
[    4.971671] acpiphp: Slot [28] registered
[    4.979662] acpiphp: Slot [29] registered
[    4.991646] acpiphp: Slot [30] registered
[    4.999655] acpiphp: Slot [31] registered
[    5.019537] PCI host bridge to bus 0000:00
[    5.027528] pci_bus 0000:00: root bus resource [io  0x0000-0x0cf7 window]
[    5.043529] pci_bus 0000:00: root bus resource [io  0x0d00-0xffff window]
[    5.059529] pci_bus 0000:00: root bus resource [mem 0x000a0000-0x000bffff wi]
[    5.075528] pci_bus 0000:00: root bus resource [mem 0xc0000000-0xfebfffff wi]
[    5.091529] pci_bus 0000:00: root bus resource [mem 0x140000000-0x1bfffffff ]
[    5.107530] pci_bus 0000:00: root bus resource [bus 00-ff]
[    5.119901] pci 0000:00:00.0: [8086:1237] type 00 class 0x060000
[    5.150208] pci 0000:00:01.0: [8086:7000] type 00 class 0x060100
[    5.176868] pci 0000:00:01.1: [8086:7010] type 00 class 0x010180
[    5.198917] pci 0000:00:01.1: reg 0x20: [io  0xc0a0-0xc0af]
[    5.216047] pci 0000:00:01.1: legacy IDE quirk: reg 0x10: [io  0x01f0-0x01f7]
[    5.231530] pci 0000:00:01.1: legacy IDE quirk: reg 0x14: [io  0x03f6]
[    5.247529] pci 0000:00:01.1: legacy IDE quirk: reg 0x18: [io  0x0170-0x0177]
[    5.259526] pci 0000:00:01.1: legacy IDE quirk: reg 0x1c: [io  0x0376]
[    5.277044] pci 0000:00:01.3: [8086:7113] type 00 class 0x068000
[    5.300620] pci 0000:00:01.3: quirk: [io  0x0600-0x063f] claimed by PIIX4 ACI
[    5.315648] pci 0000:00:01.3: quirk: [io  0x0700-0x070f] claimed by PIIX4 SMB
[    5.336072] pci 0000:00:01.3: quirk_piix4_acpi+0x0/0x170 took 35156 usecs
[    5.360548] pci 0000:00:02.0: [1234:1111] type 00 class 0x030000
[    5.381400] pci 0000:00:02.0: reg 0x10: [mem 0xfd000000-0xfdffffff pref]
[    5.395881] pci 0000:00:02.0: reg 0x18: [mem 0xfeb90000-0xfeb90fff]
[    5.424969] pci 0000:00:02.0: reg 0x30: [mem 0xfeb80000-0xfeb8ffff pref]
[    5.463736] pci 0000:00:03.0: [1af4:1000] type 00 class 0x020000
[    5.478680] pci 0000:00:03.0: reg 0x10: [io  0xc080-0xc09f]
[    5.496418] pci 0000:00:03.0: reg 0x14: [mem 0xfeb91000-0xfeb91fff]
[    5.517877] pci 0000:00:03.0: reg 0x20: [mem 0xfe000000-0xfe003fff 64bit pre]
[    5.537110] pci 0000:00:03.0: reg 0x30: [mem 0xfeb00000-0xfeb7ffff pref]
[    5.569370] pci 0000:00:04.0: [1af4:1001] type 00 class 0x010000
[    5.587526] pci 0000:00:04.0: reg 0x10: [io  0xc000-0xc07f]
[    5.604213] pci 0000:00:04.0: reg 0x14: [mem 0xfeb92000-0xfeb92fff]
[    5.622070] pci 0000:00:04.0: reg 0x20: [mem 0xfe004000-0xfe007fff 64bit pre]
[    5.922962] ACPI: PCI Interrupt Link [LNKA] (IRQs 5 *10 11)
[    5.936094] ACPI: PCI Interrupt Link [LNKB] (IRQs 5 *10 11)
[    5.948206] ACPI: PCI Interrupt Link [LNKC] (IRQs 5 10 *11)
[    5.960060] ACPI: PCI Interrupt Link [LNKD] (IRQs 5 10 *11)
[    5.976412] ACPI: PCI Interrupt Link [LNKS] (IRQs *9)
[    5.991654] iommu: Default domain type: Translated
[    6.006576] SCSI subsystem initialized
[    6.015893] pci 0000:00:02.0: vgaarb: setting as boot VGA device
[    6.019517] pci 0000:00:02.0: vgaarb: VGA device added: decodes=io+mem,owns=e
[    6.051531] pci 0000:00:02.0: vgaarb: bridge control possible
[    6.067527] vgaarb: loaded
[    6.071834] ACPI: bus type USB registered
[    6.079690] usbcore: registered new interface driver usbfs
[    6.095598] usbcore: registered new interface driver hub
[    6.107584] usbcore: registered new device driver usb
[    6.119769] pps_core: LinuxPPS API ver. 1 registered
[    6.131523] pps_core: Software ver. 5.3.6 - Copyright 2005-2007 Rodolfo Giom>
[    6.151584] PTP clock support registered
[    6.159852] EDAC MC: Ver: 3.0.0
[    6.172344] PCI: Using ACPI for IRQ routing
[    6.187951] NetLabel: Initializing
[    6.195523] NetLabel:  domain hash size = 128
[    6.203522] NetLabel:  protocols = UNLABELED CIPSOv4 CALIPSO
[    6.219633] NetLabel:  unlabeled traffic allowed by default
[    6.232240] hpet: 3 channels of 0 reserved for per-cpu timers
[    6.235664] hpet0: at MMIO 0xfed00000, IRQs 2, 8, 0
[    6.239526] hpet0: 3 comparators, 64-bit 100.000000 MHz counter
[    6.255190] clocksource: Switched to clocksource kvm-clock
[    6.300286] *** VALIDATE bpf ***
[    6.314698] VFS: Disk quotas dquot_6.6.0
[    6.325516] VFS: Dquot-cache hash table entries: 512 (order 0, 4096 bytes)
[    6.349699] *** VALIDATE ramfs ***
[    6.360161] *** VALIDATE hugetlbfs ***
[    6.377510] AppArmor: AppArmor Filesystem Enabled
[    6.391861] pnp: PnP ACPI init
[    6.409506] pnp: PnP ACPI: found 6 devices
[    6.452273] thermal_sys: Registered thermal governor 'fair_share'
[    6.452274] thermal_sys: Registered thermal governor 'bang_bang'
[    6.472757] thermal_sys: Registered thermal governor 'step_wise'
[    6.492721] thermal_sys: Registered thermal governor 'user_space'
[    6.510890] thermal_sys: Registered thermal governor 'power_allocator'
[    6.535859] clocksource: acpi_pm: mask: 0xffffff max_cycles: 0xffffff, max_is
[    6.587794] pci_bus 0000:00: resource 4 [io  0x0000-0x0cf7 window]
[    6.604187] pci_bus 0000:00: resource 5 [io  0x0d00-0xffff window]
[    6.624638] pci_bus 0000:00: resource 6 [mem 0x000a0000-0x000bffff window]
[    6.646320] pci_bus 0000:00: resource 7 [mem 0xc0000000-0xfebfffff window]
[    6.670960] pci_bus 0000:00: resource 8 [mem 0x140000000-0x1bfffffff window]
[    6.694154] NET: Registered protocol family 2
[    6.714608] tcp_listen_portaddr_hash hash table entries: 2048 (order: 3, 327)
[    6.734057] TCP established hash table entries: 32768 (order: 6, 262144 byte)
[    6.764512] TCP bind hash table entries: 32768 (order: 7, 524288 bytes, line)
[    6.781910] TCP: Hash tables configured (established 32768 bind 32768)
[    6.796977] UDP hash table entries: 2048 (order: 4, 65536 bytes, linear)
[    6.812916] UDP-Lite hash table entries: 2048 (order: 4, 65536 bytes, linear)
[    6.829077] NET: Registered protocol family 1
[    6.843863] NET: Registered protocol family 44
[    6.853728] pci 0000:00:01.0: PIIX3: Enabling Passive Release
[    6.870796] pci 0000:00:00.0: quirk_passive_release+0x0/0x80 took 16602 usecs
[    6.886423] pci 0000:00:00.0: Limiting direct PCI/PCI transfers
[    6.903710] pci 0000:00:00.0: quirk_natoma+0x0/0x20 took 16914 usecs
[    6.918438] pci 0000:00:01.0: Activating ISA DMA hang workarounds
[    6.936603] pci 0000:00:01.0: quirk_isa_dma_hangs+0x0/0x20 took 17734 usecs
[    6.955333] pci 0000:00:02.0: Video device with shadowed ROM at [mem 0x000c0]
[    6.973896] pci 0000:00:02.0: pci_fixup_video+0x0/0xe0 took 18409 usecs
[    6.993044] PCI: CLS 0 bytes, default 64
[    7.003526] Trying to unpack rootfs image as initramfs...
[    7.351100] Freeing initrd memory: 26332K
[    7.375785] PCI-DMA: Using software bounce buffering for IO (SWIOTLB)
[    7.406245] software IO TLB: mapped [mem 0xbbfdd000-0xbffdd000] (64MB)
[    7.431706] clocksource: tsc: mask: 0xffffffffffffffff max_cycles: 0x255cb51s
[    7.460309] check: Scanning for low memory corruption every 60 seconds
[    7.482956] Initialise system trusted keyrings
[    7.495061] Key type blacklist registered
[    7.510390] workingset: timestamp_bits=36 max_order=20 bucket_order=0
[    7.534336] zbud: loaded
[    7.547361] squashfs: version 4.0 (2009/01/31) Phillip Lougher
[    7.569143] fuse: init (API version 7.31)
[    7.582359] *** VALIDATE fuse ***
[    7.594742] *** VALIDATE fuse ***
[    7.608713] Platform Keyring initialized
[    7.629454] Key type asymmetric registered
[    7.641837] Asymmetric key parser 'x509' registered
[    7.658653] Block layer SCSI generic (bsg) driver version 0.4 loaded (major )
[    7.679064] io scheduler mq-deadline registered
[    7.699290] shpchp: Standard Hot Plug PCI Controller Driver version: 0.4
[    7.724740] input: Power Button as /devices/LNXSYSTM:00/LNXPWRBN:00/input/in0
[    7.743921] ACPI: Power Button [PWRF]
[    7.816635] PCI Interrupt Link [LNKC] enabled at IRQ 11
[    7.903296] PCI Interrupt Link [LNKD] enabled at IRQ 10
[    7.930772] Serial: 8250/16550 driver, 32 ports, IRQ sharing enabled
[    7.998436] 00:05: ttyS0 at I/O 0x3f8 (irq = 4, base_baud = 115200) is a 165A
[    8.042484] Linux agpgart interface v0.103
[    8.069655] loop: module loaded
[    8.084496] scsi host0: ata_piix
[    8.095977] scsi host1: ata_piix
[    8.105912] ata1: PATA max MWDMA2 cmd 0x1f0 ctl 0x3f6 bmdma 0xc0a0 irq 14
[    8.127122] ata2: PATA max MWDMA2 cmd 0x170 ctl 0x376 bmdma 0xc0a8 irq 15
[    8.162543] libphy: Fixed MDIO Bus: probed
[    8.172763] tun: Universal TUN/TAP device driver, 1.6
[    8.187138] PPP generic driver version 2.4.2
[    8.197518] VFIO - User Level meta-driver version: 0.3
[    8.212550] ehci_hcd: USB 2.0 'Enhanced' Host Controller (EHCI) Driver
[    8.230798] ehci-pci: EHCI PCI platform driver
[    8.245521] ehci-platform: EHCI generic platform driver
[    8.262307] ohci_hcd: USB 1.1 'Open' Host Controller (OHCI) Driver
[    8.282403] ohci-pci: OHCI PCI platform driver
[    8.295815] ohci-platform: OHCI generic platform driver
[    8.315821] uhci_hcd: USB Universal Host Controller Interface driver
[    8.338391] i8042: PNP: PS/2 Controller [PNP0303:KBD,PNP0f13:MOU] at 0x60,0x2
[    8.359095] ata2.00: ATAPI: QEMU DVD-ROM, 2.5+, max UDMA/100
[    8.365727] serio: i8042 KBD port at 0x60,0x64 irq 1
[    8.397838] scsi 1:0:0:0: CD-ROM            QEMU     QEMU DVD-ROM     2.5+ P5
[    8.401573] serio: i8042 AUX port at 0x60,0x64 irq 12
[    8.442050] sr 1:0:0:0: [sr0] scsi3-mmc drive: 4x/4x cd/rw xa/form2 tray
[    8.450871] mousedev: PS/2 mouse device common for all mice
[    8.469272] cdrom: Uniform CD-ROM driver Revision: 3.20
[    8.508431] rtc_cmos 00:00: RTC can wake from S4
[    8.522798] sr 1:0:0:0: Attached scsi generic sg0 type 5
[    8.531887] rtc_cmos 00:00: registered as rtc0
[    8.557052] rtc_cmos 00:00: alarms up to one day, y3k, 114 bytes nvram, hpets
[    8.582644] i2c /dev entries driver
[    8.592544] device-mapper: uevent: version 1.0.3
[    8.603618] device-mapper: ioctl: 4.41.0-ioctl (2019-09-16) initialised: dm-m
[    8.603620] input: AT Translated Set 2 keyboard as /devices/platform/i8042/s1
[    8.643664] platform eisa.0: Probing EISA bus 0
[    8.655723] platform eisa.0: EISA: Cannot allocate resource for mainboard
[    8.671282] platform eisa.0: Cannot allocate resource for EISA slot 1
[    8.691776] platform eisa.0: Cannot allocate resource for EISA slot 2
[    8.710606] platform eisa.0: Cannot allocate resource for EISA slot 3
[    8.724911] platform eisa.0: Cannot allocate resource for EISA slot 4
[    8.742809] platform eisa.0: Cannot allocate resource for EISA slot 5
[    8.755499] platform eisa.0: Cannot allocate resource for EISA slot 6
[    8.773458] platform eisa.0: Cannot allocate resource for EISA slot 7
[    8.786806] platform eisa.0: Cannot allocate resource for EISA slot 8
[    8.805328] platform eisa.0: EISA: Detected 0 cards
[    8.815496] intel_pstate: CPU model not supported
[    8.830657] ledtrig-cpu: registered to indicate activity on CPUs
[    8.843105] drop_monitor: Initializing network drop monitor service
[    8.860551] NET: Registered protocol family 10
[    9.235954] Segment Routing with IPv6
[    9.246657] NET: Registered protocol family 17
[    9.260405] Key type dns_resolver registered
[    9.274037] RAS: Correctable Errors collector initialized.
[    9.290809] IPI shorthand broadcast: enabled
[    9.303139] sched_clock: Marking stable (7177600232, 2125410838)->(990233216)
[    9.328884] registered taskstats version 1
[    9.346607] Loading compiled-in X.509 certificates
[    9.362037] Loaded X.509 cert 'Build time autogenerated kernel key: a196b6c0'
[    9.391196] zswap: loaded using pool lzo/zbud
[    9.406047] Key type ._fscrypt registered
[    9.415218] Key type .fscrypt registered
[    9.773186] Key type big_key registered
[    9.954152] Key type encrypted registered
[    9.962801] AppArmor: AppArmor sha1 policy hashing enabled
[    9.973472] ima: No TPM chip found, activating TPM-bypass!
[    9.985348] ima: Allocated hash algorithm: sha1
[    9.995265] ima: No architecture policies found
[   10.005200] evm: Initialising EVM extended attributes:
[   10.016442] evm: security.selinux
[   10.024243] evm: security.SMACK64
[   10.031577] evm: security.SMACK64EXEC
[   10.040514] evm: security.SMACK64TRANSMUTE
[   10.049659] evm: security.SMACK64MMAP
[   10.057429] evm: security.apparmor
[   10.065144] evm: security.ima
[   10.072496] evm: security.capability
[   10.080949] evm: HMAC attrs: 0x1
[   10.088912] PM:   Magic number: 1:203:236
[   10.097679] PM:   hash matches drivers/base/power/main.c:1517
[   10.110141] rtc_cmos 00:00: setting system clock to 2021-12-04T16:13:46 UTC )
[   10.133457] Freeing unused decrypted memory: 2040K
[   10.174368] Freeing unused kernel image memory: 2724K
[   10.200028] Write protecting the kernel read-only data: 22528k
[   10.221385] Freeing unused kernel image memory: 2008K
[   10.256164] Freeing unused kernel image memory: 1184K
[   10.281451] x86/mm: Checked W+X mappings: passed, no W+X pages found.
[   10.298273] x86/mm: Checking user space page tables
[   10.323376] x86/mm: Checked W+X mappings: passed, no W+X pages found.
[   10.337596] Run /init as init process
Loading, please wait...
Starting version 245.4-4ubuntu3.4
[   15.133225] Floppy drive(s): fd0 is 2.88M AMI BIOS
[   15.196190] FDC 0 is a S82078B
[   15.495252] virtio_blk virtio1: [vda] 25092096 512-byte logical blocks (12.8)
[   15.608813] input: VirtualPS/2 VMware VMMouse as /devices/platform/i8042/ser4
[   15.638338]  vda: vda1 vda14 vda15
[   15.652238] input: VirtualPS/2 VMware VMMouse as /devices/platform/i8042/ser3
[   17.490360] virtio_net virtio0 ens3: renamed from eth0
[   17.896744] random: fast init done
[   17.942499] random: systemd-udevd: uninitialized urandom read (16 bytes read)
[   17.960676] random: systemd-udevd: uninitialized urandom read (16 bytes read)
[   17.980387] random: systemd-udevd: uninitialized urandom read (16 bytes read)
Begin: Loading essential drivers ... [   23.964055] urandom_read: 1 callbacks sd
[   23.964057] random: systemd-udevd: uninitialized urandom read (16 bytes read)
[   24.007079] random: systemd-udevd: uninitialized urandom read (16 bytes read)
[   24.149978] random: systemd-udevd: uninitialized urandom read (16 bytes read)
[   24.675715] raid6: sse2x4   gen()  8877 MB/s
[   24.740583] raid6: sse2x4   xor()  6607 MB/s
[   24.795757] raid6: sse2x2   gen()  8143 MB/s
[   24.852037] raid6: sse2x2   xor()  5555 MB/s
[   24.907650] raid6: sse2x1   gen()  6886 MB/s
[   24.963627] raid6: sse2x1   xor()  4947 MB/s
[   24.972094] raid6: using algorithm sse2x4 gen() 8877 MB/s
[   24.985637] raid6: .... xor() 6607 MB/s, rmw enabled
[   24.997201] raid6: using intx1 recovery algorithm
[   25.017865] xor: measuring software checksum speed
[   25.071668]    prefetch64-sse: 11499.000 MB/sec
[   25.119851]    generic_sse:  8817.000 MB/sec
[   25.133929] xor: using function: prefetch64-sse (11499.000 MB/sec)
[   25.158361] async_tx: api initialized (async)
done.
Begin: Running /scripts/init-premount ... done.
Begin: Mounting root file system ... Begin: Running /scripts/local-top ... done.
Begin: Running /scripts/local-premount ... [   26.554223] Btrfs loaded, crc32c=c
Scanning for Btrfs filesystems
[   26.864288] blk_update_request: I/O error, dev fd0, sector 0 op 0x0:(READ) f0
[   26.884062] floppy: error 10 while reading block 0
done.
Warning: fsck not present, so skipping root file system
[   27.709628] EXT4-fs (vda1): INFO: recovery required on readonly filesystem
[   27.724228] EXT4-fs (vda1): write access will be enabled during recovery
[   27.861485] EXT4-fs (vda1): recovery complete
[   27.874976] EXT4-fs (vda1): mounted filesystem with ordered data mode. Opts:)
done.
Begin: Running /scripts/local-bottom ... done.
Begin: Running /scripts/init-bottom ... done.
[   30.792892] systemd[1]: Inserted module 'autofs4'
[   31.076330] systemd[1]: systemd 245.4-4ubuntu3.4 running in system mode. (+P)
[   31.121494] systemd[1]: Detected virtualization kvm.
[   31.142133] systemd[1]: Detected architecture x86-64.

Welcome to Ubuntu 20.04.1 LTS!

[   31.262801] systemd[1]: Set hostname to <ubuntu>.
[   36.203943] blk_update_request: I/O error, dev fd0, sector 0 op 0x0:(READ) f0
[   36.225324] floppy: error 10 while reading block 0
[   39.054848] systemd[1]: /lib/systemd/system/dbus.socket:5: ListenStream= ref.
[   40.262689] systemd[1]: Created slice system-modprobe.slice.
[  OK  ] Created slice system-modprobe.slice.
[   40.293623] systemd[1]: Created slice system-serial\x2dgetty.slice.
[  OK  ] Created slice system-serial\x2dgetty.slice.
[   40.324829] systemd[1]: Created slice User and Session Slice.
[  OK  ] Created slice User and Session Slice.
[   40.347520] systemd[1]: Started Forward Password Requests to Wall Directory .
[  OK  ] Started Forward Password R…uests to Wall Directory Watch.
[   40.382188] systemd[1]: Set up automount Arbitrary Executable File Formats F.
[  OK  ] Set up automount Arbitrary…s File System Automount Point.
[   40.412971] systemd[1]: Reached target User and Group Name Lookups.
[  OK  ] Reached target User and Group Name Lookups.
[   40.433121] systemd[1]: Reached target Slices.
[  OK  ] Reached target Slices.
[   40.448256] systemd[1]: Reached target Swap.
[  OK  ] Reached target Swap.
[   40.468103] systemd[1]: Listening on Device-mapper event daemon FIFOs.
[  OK  ] Listening on Device-mapper event daemon FIFOs.
[   40.493262] systemd[1]: Listening on LVM2 poll daemon socket.
[  OK  ] Listening on LVM2 poll daemon socket.
[   40.518570] systemd[1]: Listening on multipathd control socket.
[  OK  ] Listening on multipathd control socket.
[   40.541558] systemd[1]: Listening on Syslog Socket.
[  OK  ] Listening on Syslog Socket.
[   40.560407] systemd[1]: Listening on initctl Compatibility Named Pipe.
[  OK  ] Listening on initctl Compatibility Named Pipe.
[   40.600756] systemd[1]: Listening on Journal Audit Socket.
[  OK  ] Listening on Journal Audit Socket.
[   40.625518] systemd[1]: Listening on Journal Socket (/dev/log).
[  OK  ] Listening on Journal Socket (/dev/log).
[   40.653123] systemd[1]: Listening on Journal Socket.
[  OK  ] Listening on Journal Socket.
[   40.696249] systemd[1]: Listening on Network Service Netlink Socket.
[  OK  ] Listening on Network Service Netlink Socket.
[   40.730890] systemd[1]: Listening on udev Control Socket.
[  OK  ] Listening on udev Control Socket.
[   40.754359] systemd[1]: Listening on udev Kernel Socket.
[  OK  ] Listening on udev Kernel Socket.
[   40.820272] systemd[1]: Mounting Huge Pages File System...
         Mounting Huge Pages File System...
[   40.899206] systemd[1]: Mounting POSIX Message Queue File System...
         Mounting POSIX Message Queue File System...
[   41.022893] systemd[1]: Mounting Kernel Debug File System...
         Mounting Kernel Debug File System...
[   41.157602] systemd[1]: Mounting Kernel Trace File System...
         Mounting Kernel Trace File System...
[   41.326572] systemd[1]: Starting Journal Service...
         Starting Journal Service...
[   41.413626] systemd[1]: Starting Set the console keyboard layout...
         Starting Set the console keyboard layout...
[   41.598720] systemd[1]: Starting Create list of static device nodes for the .
         Starting Create list of st…odes for the current kernel...
[   41.726708] systemd[1]: Starting Monitoring of LVM2 mirrors, snapshots etc. .
         Starting Monitoring of LVM…meventd or progress polling...
[   41.871192] systemd[1]: Starting Load Kernel Module drm...
         Starting Load Kernel Module drm...
[   41.908268] systemd[1]: Condition check resulted in OpenVSwitch configuratio.
[   41.953684] systemd[1]: Condition check resulted in Set Up Additional Binary.
[   42.049390] systemd[1]: Starting Load Kernel Modules...
         Starting Load Kernel Modules...
[   42.146544] systemd[1]: Starting Remount Root and Kernel File Systems...
         Starting Remount Root and Kernel File Systems...
[   42.281037] systemd[1]: Starting udev Coldplug all Devices...
         Starting udev Coldplug all Devices...
[   42.394364] systemd[1]: Starting Uncomplicated firewall...
         Starting Uncomplicated firewall...
[   42.580418] systemd[1]: Mounted Huge Pages File System.
[  OK  ] Mounted Huge Pages File System.
[   42.610032] systemd[1]: Mounted POSIX Message Queue File System.
[  OK  ] Mounted POSIX Message Queue File System.
[   42.648657] systemd[1]: Mounted Kernel Debug File System.
[  OK  ] Mounted Kernel Debug File System.
[   42.680130] systemd[1]: Mounted Kernel Trace File System.
[  OK  ] Mounted Kernel Trace File System.
[   42.745967] systemd[1]: Finished Create list of static device nodes for the .
[  OK  ] Finished Create list of st… nodes for the current kernel.
[   42.963917] systemd[1]: Finished Uncomplicated firewall.
[  OK  ] Finished Uncomplicated firewall.
[   43.012478] systemd[1]: modprobe@drm.service: Succeeded.
[   43.052149] systemd[1]: Finished Load Kernel Module drm.
[  OK  ] Finished Load Kernel Module drm.
[   43.544352] systemd[1]: Finished Load Kernel Modules.
[  OK  ] Finished Load Kernel Modules.
[   43.656215] systemd[1]: Mounting FUSE Control File System...
         Mounting FUSE Control File System...
[   43.796284] systemd[1]: Mounting Kernel Configuration File System...
         Mounting Kernel Configuration File System...
[   43.923145] systemd[1]: Starting Apply Kernel Variables...
         Starting Apply Kernel Variables...
[   44.151768] EXT4-fs (vda1): re-mounted. Opts: (null)
[   44.421753] systemd[1]: Mounted FUSE Control File System.
[  OK  ] Mounted FUSE Control File System.
[   44.495826] systemd[1]: Finished Remount Root and Kernel File Systems.
[  OK  ] Finished Remount Root and Kernel File Systems.
[   44.540083] systemd[1]: Mounted Kernel Configuration File System.
[  OK  ] Mounted Kernel Configuration File System.
[   44.581934] systemd[1]: Condition check resulted in Rebuild Hardware Databas.
[   44.609870] systemd[1]: Condition check resulted in Platform Persistent Stor.
[   44.679423] systemd[1]: Starting Load/Save Random Seed...
         Starting Load/Save Random Seed...
[   44.814068] systemd[1]: Starting Create System Users...
         Starting Create System Users...
[  OK  ] Finished Apply Kernel Variables.
[  OK  ] Finished Monitoring of LVM… dmeventd or progress polling.
[  OK  ] Finished Load/Save Random Seed.
[  OK  ] Finished Create System Users.
         Starting Create Static Device Nodes in /dev...
[  OK  ] Started Journal Service.
         Starting Flush Journal to Persistent Storage...
[  OK  ] Finished Create Static Device Nodes in /dev.
         Starting udev Kernel Device Manager...
[  OK  ] Finished Flush Journal to Persistent Storage.
[  OK  ] Finished Set the console keyboard layout.
[  OK  ] Started udev Kernel Device Manager.
[  OK  ] Finished udev Coldplug all Devices.
[  OK  ] Started Dispatch Password …ts to Console Directory Watch.
[  OK  ] Reached target Local Encrypted Volumes.
         Starting udev Wait for Complete Device Initialization...
[  OK  ] Found device /dev/ttyS0.
[  OK  ] Listening on Load/Save RF …itch Status /dev/rfkill Watch.
[  OK  ] Found device /dev/disk/by-label/UEFI.
[  OK  ] Finished udev Wait for Complete Device Initialization.
         Starting Device-Mapper Multipath Device Controller...
[  OK  ] Started Device-Mapper Multipath Device Controller.
[  OK  ] Reached target Local File Systems (Pre).
         Mounting /boot/efi...
         Mounting Mount unit for core18, revision 1944...
         Mounting Mount unit for core18, revision 2253...
         Mounting Mount unit for core20, revision 1242...
         Mounting Mount unit for lxd, revision 18150...
         Mounting Mount unit for lxd, revision 21835...
         Mounting Mount unit for snapd, revision 10707...
         Mounting Mount unit for snapd, revision 14066...
[  OK  ] Mounted /boot/efi.
[  OK  ] Mounted Mount unit for core18, revision 1944.
[  OK  ] Mounted Mount unit for core18, revision 2253.
[  OK  ] Mounted Mount unit for core20, revision 1242.
[  OK  ] Mounted Mount unit for lxd, revision 18150.
[  OK  ] Mounted Mount unit for lxd, revision 21835.
[  OK  ] Mounted Mount unit for snapd, revision 10707.
[  OK  ] Mounted Mount unit for snapd, revision 14066.
[  OK  ] Reached target Local File Systems.
         Starting Load AppArmor profiles...
         Starting Set console font and keymap...
         Starting Create final runt…dir for shutdown pivot root...
         Starting Tell Plymouth To Write Out Runtime Data...
         Starting Create Volatile Files and Directories...
[  OK  ] Finished Create final runt…e dir for shutdown pivot root.
[  OK  ] Finished Tell Plymouth To Write Out Runtime Data.
[  OK  ] Finished Set console font and keymap.
[  OK  ] Finished Create Volatile Files and Directories.
         Starting Network Time Synchronization...
         Starting Update UTMP about System Boot/Shutdown...
[  OK  ] Finished Load AppArmor profiles.
         Starting Load AppArmor pro…managed internally by snapd...
         Starting Initial cloud-init job (pre-networking)...
[  OK  ] Finished Update UTMP about System Boot/Shutdown.
[  OK  ] Started Network Time Synchronization.
[  OK  ] Reached target System Time Set.
[  OK  ] Reached target System Time Synchronized.
[  OK  ] Finished Load AppArmor pro…s managed internally by snapd.
[   96.283794] blk_update_request: I/O error, dev fd0, sector 0 op 0x0:(READ) f0
[   96.855783] blk_update_request: I/O error, dev fd0, sector 0 op 0x0:(READ) f0
[   97.312075] blk_update_request: I/O error, dev fd0, sector 0 op 0x0:(READ) f0
[   97.612689] blk_update_request: I/O error, dev fd0, sector 0 op 0x0:(READ) f0
[   98.272101] blk_update_request: I/O error, dev fd0, sector 0 op 0x0:(READ) f0
[   98.340246] cloud-init[529]: Cloud-init v. 20.4.1-0ubuntu1~20.04.1 running '.
[  OK  ] Finished Initial cloud-init job (pre-networking).
[  OK  ] Reached target Network (Pre).
         Starting Network Service...
[  OK  ] Started Network Service.
         Starting Wait for Network to be Configured...
         Starting Network Name Resolution...
[  OK  ] Started Network Name Resolution.
[  OK  ] Reached target Network.
[  OK  ] Reached target Host and Network Name Lookups.
[FAILED] Failed to start Wait for Network to be Configured.
See 'systemctl status systemd-networkd-wait-online.service' for details.
         Starting Initial cloud-ini… (metadata service crawler)...
[  233.102916] cloud-init[575]: Cloud-init v. 20.4.1-0ubuntu1~20.04.1 running '.
[  233.140150] cloud-init[575]: ci-info: ++++++++++++++++++++++++++++++++++Net +
[  233.162427] cloud-init[575]: ci-info: +--------+------+---------------------+
[  233.180373] cloud-init[575]: ci-info: | Device |  Up  |         Address     |
[  233.198719] cloud-init[575]: ci-info: +--------+------+---------------------+
[  233.214712] cloud-init[575]: ci-info: |  ens3  | True | fe80::ebe:e2ff:fe71:|
[  233.237537] cloud-init[575]: ci-info: |   lo   | True |        127.0.0.1    |
[  233.257299] cloud-init[575]: ci-info: |   lo   | True |         ::1/128     |
[  233.279568] cloud-init[575]: ci-info: +--------+------+---------------------+
[  233.296705] cloud-init[575]: ci-info: +++++++++++++++++++Route IPv6 info+++++
[  233.313272] cloud-init[575]: ci-info: +-------+-------------+---------+-----+
[  233.327202] cloud-init[575]: ci-info: | Route | Destination | Gateway | Inte|
[  233.343273] cloud-init[575]: ci-info: +-------+-------------+---------+-----+
[  233.357081] cloud-init[575]: ci-info: |   1   |  fe80::/64  |    ::   |    e|
[  233.373197] cloud-init[575]: ci-info: |   3   |    local    |    ::   |    e|
[  233.388794] cloud-init[575]: ci-info: |   4   |   ff00::/8  |    ::   |    e|
[  233.405052] cloud-init[575]: ci-info: +-------+-------------+---------+-----+
[  OK  ] Finished Initial cloud-ini…ob (metadata service crawler).
[  OK  ] Reached target Cloud-config availability.
[  OK  ] Reached target Network is Online.
[  OK  ] Reached target System Initialization.
[  OK  ] Started Daily apt download activities.
[  OK  ] Started Daily apt upgrade and clean activities.
[  OK  ] Started Periodic ext4 Onli…ata Check for All Filesystems.
[  OK  ] Started Discard unused blocks once a week.
[  OK  ] Started Refresh fwupd metadata regularly.
[  OK  ] Started Daily rotation of log files.
[  OK  ] Started Daily man-db regeneration.
[  OK  ] Started Message of the Day.
[  OK  ] Started Daily Cleanup of Temporary Directories.
[  OK  ] Reached target Paths.
[  OK  ] Reached target Timers.
[  OK  ] Listening on D-Bus System Message Bus Socket.
[  OK  ] Listening on Open-iSCSI iscsid Socket.
[  OK  ] Listening on Socket unix for snap application lxd.daemon.
         Starting Socket activation for snappy daemon.
[  OK  ] Listening on UUID daemon activation socket.
[  OK  ] Reached target Remote File Systems (Pre).
[  OK  ] Reached target Remote File Systems.
         Starting Availability of block devices...
[  OK  ] Listening on Socket activation for snappy daemon.
[  OK  ] Reached target Sockets.
[  OK  ] Reached target Basic System.
         Starting Accounts Service...
         Starting LSB: automatic crash report generation...
         Starting Deferred execution scheduler...
[  OK  ] Started Regular background program processing daemon.
[  OK  ] Started D-Bus System Message Bus.
[  OK  ] Started Save initial kernel messages after boot.
         Starting Remove Stale Onli…t4 Metadata Check Snapshots...
         Starting LSB: Record successful boot for GRUB...
         Starting GRUB failed boot detection...
[  OK  ] Started irqbalance daemon.
         Starting Dispatcher daemon for systemd-networkd...
         Starting System Logging Service...
         Starting Service for snap application lxd.activate...
         Starting Snap Daemon...
         Starting OpenBSD Secure Shell server...
         Starting Login Service...
         Starting Permit User Sessions...
[  OK  ] Finished Availability of block devices.
[  OK  ] Started Deferred execution scheduler.
[  OK  ] Finished GRUB failed boot detection.
[  OK  ] Started System Logging Service.
[  OK  ] Finished Permit User Sessions.
         Starting Hold until boot process finishes up...
         Starting Terminate Plymouth Boot Screen...
[  OK  ] Finished Hold until boot process finishes up.
[  OK  ] Finished Terminate Plymouth Boot Screen.
[  OK  ] Started Serial Getty on ttyS0.
         Starting Set console scheme...
[  OK  ] Finished Remove Stale Onli…ext4 Metadata Check Snapshots.
[  OK  ] Finished Set console scheme.
[  OK  ] Started LSB: automatic crash report generation.
[  OK  ] Started LSB: Record successful boot for GRUB.
[  OK  ] Created slice system-getty.slice.
[  OK  ] Started Getty on tty1.
[  OK  ] Reached target Login Prompts.
[  OK  ] Started OpenBSD Secure Shell server.

Ubuntu 20.04.1 LTS ubuntu ttyS0

ubuntu login: [  OK  ] Started Login Service.
[  OK  ] Started Unattended Upgrades Shutdown.
         Starting Authorization Manager...
[  OK  ] Started Authorization Manager.
[  OK  ] Started Accounts Service.
[  OK  ] Started Dispatcher daemon for systemd-networkd.
[  278.206427] cloud-init[804]: Cloud-init v. 20.4.1-0ubuntu1~20.04.1 running '.
[  288.725577] cloud-init[815]: Cloud-init v. 20.4.1-0ubuntu1~20.04.1 running '.
[  288.750018] cloud-init[815]: Cloud-init v. 20.4.1-0ubuntu1~20.04.1 finished s

ubuntu login: admin
Password:

Login incorrect
ubuntu login: ubuntu
Password:
Welcome to Ubuntu 20.04.1 LTS (GNU/Linux 5.4.0-62-generic x86_64)

 * Documentation:  https://help.ubuntu.com
 * Management:     https://landscape.canonical.com
 * Support:        https://ubuntu.com/advantage

  System information as of Sat Dec  4 16:27:04 UTC 2021

  System load: 0.08               Memory usage: 4%   Processes:       101
  Usage of /:  23.2% of 11.43GB   Swap usage:   0%   Users logged in: 0

 * Super-optimized for small spaces - read how we shrank the memory
   footprint of MicroK8s to make it the smallest full K8s around.

   https://ubuntu.com/blog/microk8s-memory-optimisation

177 updates can be installed immediately.
84 of these updates are security updates.
To see these additional updates run: apt list --upgradable


Last login: Fri Dec  3 15:22:33 UTC 2021 on ttyS0
ubuntu@ubuntu:~$ ping 8.8.8.8
ping: connect: Network is unreachable
ubuntu@ubuntu:~$ ifconfig
ens3: flags=4163<UP,BROADCAST,RUNNING,MULTICAST>  mtu 1500
        inet6 fe80::ebe:e2ff:fe71:0  prefixlen 64  scopeid 0x20<link>
        ether 0c:be:e2:71:00:00  txqueuelen 1000  (Ethernet)
        RX packets 24  bytes 2402 (2.4 KB)
        RX errors 0  dropped 17  overruns 0  frame 0
        TX packets 29  bytes 6318 (6.3 KB)
        TX errors 0  dropped 0 overruns 0  carrier 0  collisions 0

lo: flags=73<UP,LOOPBACK,RUNNING>  mtu 65536
        inet 127.0.0.1  netmask 255.0.0.0
        inet6 ::1  prefixlen 128  scopeid 0x10<host>
        loop  txqueuelen 1000  (Local Loopback)
        RX packets 2316  bytes 165272 (165.2 KB)
        RX errors 0  dropped 0  overruns 0  frame 0
        TX packets 2316  bytes 165272 (165.2 KB)
        TX errors 0  dropped 0 overruns 0  carrier 0  collisions 0

ubuntu@ubuntu:~$ ifconfig addr add 10.10.10.10 255.255.255.0 dev ens3
addr: error fetching interface information: Device not found
addr: error fetching interface information: Device not found
SIOCSIFADDR: Operation not permitted
addr: ERROR while getting interface flags: No such device
dev: Host name lookup failure
ifconfig: `--help' gives usage information.
ubuntu@ubuntu:~$ sudo ip addr add 10.10.10.10 255.255.255.0 dev ens3
Error: either "local" is duplicate, or "255.255.255.0" is a garbage.
ubuntu@ubuntu:~$ sudo ip addr add 10.10.10.10/24 dev ens3
ubuntu@ubuntu:~$ ping 8.8.8.8
ping: connect: Network is unreachable
ubuntu@ubuntu:~$ sudo ip route add default via 10.10.10.1
ubuntu@ubuntu:~$ ping 10.1.1.1
PING 10.1.1.1 (10.1.1.1) 56(84) bytes of data.
64 bytes from 10.1.1.1: icmp_seq=1 ttl=255 time=11.0 ms
64 bytes from 10.1.1.1: icmp_seq=2 ttl=255 time=5.94 ms
64 bytes from 10.1.1.1: icmp_seq=3 ttl=255 time=12.4 ms
64 bytes from 10.1.1.1: icmp_seq=4 ttl=255 time=2.90 ms
64 bytes from 10.1.1.1: icmp_seq=5 ttl=255 time=6.21 ms
^C
--- 10.1.1.1 ping statistics ---
5 packets transmitted, 5 received, 0% packet loss, time 4009ms
rtt min/avg/max/mdev = 2.895/7.693/12.408/3.508 ms
ubuntu@ubuntu:~$ ping 10.1.1.10
PING 10.1.1.10 (10.1.1.10) 56(84) bytes of data.
64 bytes from 10.1.1.10: icmp_seq=1 ttl=254 time=33.4 ms
64 bytes from 10.1.1.10: icmp_seq=2 ttl=254 time=29.6 ms
^C
--- 10.1.1.10 ping statistics ---
2 packets transmitted, 2 received, 0% packet loss, time 1003ms
rtt min/avg/max/mdev = 29.587/31.513/33.440/1.926 ms
ubuntu@ubuntu:~$ ping 8.8.8.8
PING 8.8.8.8 (8.8.8.8) 56(84) bytes of data.
^C
--- 8.8.8.8 ping statistics ---
18 packets transmitted, 0 received, 100% packet loss, time 17397ms

ubuntu@ubuntu:~$ [ 2303.975843] blk_update_request: I/O error, dev fd0, sector 0
[ 2718.316838] systemd[1]: Failed to start Refresh fwupd metadata and update mo.
[ 3313.376171] blk_update_request: I/O error, dev fd0, sector 0 op 0x0:(READ) f0

ubuntu@ubuntu:~$ ansible-playbook ios_command.yaml

PLAY [Running show commands on Cisco IOS] **************************************

TASK [Run multiple commands on Cisco IOS nodes] ********************************
fatal: [192.168.122.1]: FAILED! => {"changed": false, "msg": "socket path /home/ubuntu/.ansible/pc/ed89876886 does not exist or cannot be found. See Troubleshooting socket path issues in t}
fatal: [10.1.1.10]: FAILED! => {"changed": false, "msg": "socket path /home/ubuntu/.ansible/pc/b2e175eac1 does not exist or cannot be found. See Troubleshooting socket path issues in the N}
fatal: [10.1.1.1]: FAILED! => {"changed": false, "msg": "socket path /home/ubuntu/.ansible/pc/7ffa66bfc6 does not exist or cannot be found. See Troubleshooting socket path issues in the Ne}

PLAY RECAP *********************************************************************
10.1.1.1                   : ok=0    changed=0    unreachable=0    failed=1    skipped=0    rescued=0    ignored=0
10.1.1.10                  : ok=0    changed=0    unreachable=0    failed=1    skipped=0    rescued=0    ignored=0
192.168.122.1              : ok=0    changed=0    unreachable=0    failed=1    skipped=0    rescued=0    ignored=0

ubuntu@ubuntu:~$ ping 10.1.1.1
ping: connect: Network is unreachable
ubuntu@ubuntu:~$ ifconfig
ens3: flags=4163<UP,BROADCAST,RUNNING,MULTICAST>  mtu 1500
        inet6 fe80::ebe:e2ff:fe71:0  prefixlen 64  scopeid 0x20<link>
        ether 0c:be:e2:71:00:00  txqueuelen 1000  (Ethernet)
        RX packets 39  bytes 3784 (3.7 KB)
        RX errors 0  dropped 17  overruns 0  frame 0
        TX packets 143  bytes 32656 (32.6 KB)
        TX errors 0  dropped 0 overruns 0  carrier 0  collisions 0

lo: flags=73<UP,LOOPBACK,RUNNING>  mtu 65536
        inet 127.0.0.1  netmask 255.0.0.0
        inet6 ::1  prefixlen 128  scopeid 0x10<host>
        loop  txqueuelen 1000  (Local Loopback)
        RX packets 12968  bytes 921848 (921.8 KB)
        RX errors 0  dropped 0  overruns 0  frame 0
        TX packets 12968  bytes 921848 (921.8 KB)
        TX errors 0  dropped 0 overruns 0  carrier 0  collisions 0

ubuntu@ubuntu:~$ sudo ip addr add 10.10.10.10/24 dev ens3
ubuntu@ubuntu:~$ ifconfig
ens3: flags=4163<UP,BROADCAST,RUNNING,MULTICAST>  mtu 1500
        inet 10.10.10.10  netmask 255.255.255.0  broadcast 0.0.0.0
        inet6 fe80::ebe:e2ff:fe71:0  prefixlen 64  scopeid 0x20<link>
        ether 0c:be:e2:71:00:00  txqueuelen 1000  (Ethernet)
        RX packets 39  bytes 3784 (3.7 KB)
        RX errors 0  dropped 17  overruns 0  frame 0
        TX packets 143  bytes 32656 (32.6 KB)
        TX errors 0  dropped 0 overruns 0  carrier 0  collisions 0

lo: flags=73<UP,LOOPBACK,RUNNING>  mtu 65536
        inet 127.0.0.1  netmask 255.0.0.0
        inet6 ::1  prefixlen 128  scopeid 0x10<host>
        loop  txqueuelen 1000  (Local Loopback)
        RX packets 13052  bytes 927824 (927.8 KB)
        RX errors 0  dropped 0  overruns 0  frame 0
        TX packets 13052  bytes 927824 (927.8 KB)
        TX errors 0  dropped 0 overruns 0  carrier 0  collisions 0

ubuntu@ubuntu:~$ ping 10.1.1.1
ping: connect: Network is unreachable
ubuntu@ubuntu:~$ ping 10.1.1.1
ping: connect: Network is unreachable
ubuntu@ubuntu:~$ ping 10.1.1.1
ping: connect: Network is unreachable
ubuntu@ubuntu:~$ ping 10.1.1.1
ping: connect: Network is unreachable
ubuntu@ubuntu:~$ sudo ip addr add 10.10.10.10/24 dev ens3
RTNETLINK answers: File exists
ubuntu@ubuntu:~$ ifconfig
ens3: flags=4163<UP,BROADCAST,RUNNING,MULTICAST>  mtu 1500
        inet 10.10.10.10  netmask 255.255.255.0  broadcast 0.0.0.0
        inet6 fe80::ebe:e2ff:fe71:0  prefixlen 64  scopeid 0x20<link>
        ether 0c:be:e2:71:00:00  txqueuelen 1000  (Ethernet)
        RX packets 39  bytes 3784 (3.7 KB)
        RX errors 0  dropped 17  overruns 0  frame 0
        TX packets 143  bytes 32656 (32.6 KB)
        TX errors 0  dropped 0 overruns 0  carrier 0  collisions 0

lo: flags=73<UP,LOOPBACK,RUNNING>  mtu 65536
        inet 127.0.0.1  netmask 255.0.0.0
        inet6 ::1  prefixlen 128  scopeid 0x10<host>
        loop  txqueuelen 1000  (Local Loopback)
        RX packets 13056  bytes 928120 (928.1 KB)
        RX errors 0  dropped 0  overruns 0  frame 0
        TX packets 13056  bytes 928120 (928.1 KB)
        TX errors 0  dropped 0 overruns 0  carrier 0  collisions 0

ubuntu@ubuntu:~$ ifconfig
ens3: flags=4163<UP,BROADCAST,RUNNING,MULTICAST>  mtu 1500
        inet 10.10.10.10  netmask 255.255.255.0  broadcast 0.0.0.0
        inet6 fe80::ebe:e2ff:fe71:0  prefixlen 64  scopeid 0x20<link>
        ether 0c:be:e2:71:00:00  txqueuelen 1000  (Ethernet)
        RX packets 39  bytes 3784 (3.7 KB)
        RX errors 0  dropped 17  overruns 0  frame 0
        TX packets 143  bytes 32656 (32.6 KB)
        TX errors 0  dropped 0 overruns 0  carrier 0  collisions 0

lo: flags=73<UP,LOOPBACK,RUNNING>  mtu 65536
        inet 127.0.0.1  netmask 255.0.0.0
        inet6 ::1  prefixlen 128  scopeid 0x10<host>
        loop  txqueuelen 1000  (Local Loopback)
        RX packets 13056  bytes 928120 (928.1 KB)
        RX errors 0  dropped 0  overruns 0  frame 0
        TX packets 13056  bytes 928120 (928.1 KB)
        TX errors 0  dropped 0 overruns 0  carrier 0  collisions 0

ubuntu@ubuntu:~$ ping 10.1.1.1
ping: connect: Network is unreachable
ubuntu@ubuntu:~$ ping 10.1.1.1
ping: connect: Network is unreachable
ubuntu@ubuntu:~$ ping 10.1.1.1
ping: connect: Network is unreachable
ubuntu@ubuntu:~$ ping 10.1.1.1
ping: connect: Network is unreachable
ubuntu@ubuntu:~$ ping 10.1.1.1
ping: connect: Network is unreachable
ubuntu@ubuntu:~$
ubuntu@ubuntu:~$ ping 10.1.1.1
ping: connect: Network is unreachable
ubuntu@ubuntu:~$ show ip route
^Cubuntu@ubuntu:~$
ubuntu@ubuntu:~$ route
Kernel IP routing table
Destination     Gateway         Genmask         Flags Metric Ref    Use Iface
10.10.10.0      0.0.0.0         255.255.255.0   U     0      0        0 ens3
ubuntu@ubuntu:~$ sudo ip addr delet 10.10.10.10/24 dev ens3
ubuntu@ubuntu:~$ sudo ip route delet default via 10.10.10.1
RTNETLINK answers: No such process
ubuntu@ubuntu:~$ route
Kernel IP routing table
Destination     Gateway         Genmask         Flags Metric Ref    Use Iface
ubuntu@ubuntu:~$ ifconfig
ens3: flags=4163<UP,BROADCAST,RUNNING,MULTICAST>  mtu 1500
        inet6 fe80::ebe:e2ff:fe71:0  prefixlen 64  scopeid 0x20<link>
        ether 0c:be:e2:71:00:00  txqueuelen 1000  (Ethernet)
        RX packets 39  bytes 3784 (3.7 KB)
        RX errors 0  dropped 17  overruns 0  frame 0
        TX packets 147  bytes 33984 (33.9 KB)
        TX errors 0  dropped 0 overruns 0  carrier 0  collisions 0

lo: flags=73<UP,LOOPBACK,RUNNING>  mtu 65536
        inet 127.0.0.1  netmask 255.0.0.0
        inet6 ::1  prefixlen 128  scopeid 0x10<host>
        loop  txqueuelen 1000  (Local Loopback)
        RX packets 13784  bytes 979832 (979.8 KB)
        RX errors 0  dropped 0  overruns 0  frame 0
        TX packets 13784  bytes 979832 (979.8 KB)
        TX errors 0  dropped 0 overruns 0  carrier 0  collisions 0

ubuntu@ubuntu:~$ sudo ip addr add 192.168.122.2/24 dev ens3
ubuntu@ubuntu:~$ ping 192.168.122.2
PING 192.168.122.2 (192.168.122.2) 56(84) bytes of data.
64 bytes from 192.168.122.2: icmp_seq=1 ttl=64 time=0.381 ms
64 bytes from 192.168.122.2: icmp_seq=2 ttl=64 time=0.120 ms
64 bytes from 192.168.122.2: icmp_seq=3 ttl=64 time=0.101 ms
64 bytes from 192.168.122.2: icmp_seq=4 ttl=64 time=0.100 ms
^C
--- 192.168.122.2 ping statistics ---
4 packets transmitted, 4 received, 0% packet loss, time 3028ms
rtt min/avg/max/mdev = 0.100/0.175/0.381/0.118 ms
ubuntu@ubuntu:~$ ping 192.168.122.1
PING 192.168.122.1 (192.168.122.1) 56(84) bytes of data.
64 bytes from 192.168.122.1: icmp_seq=1 ttl=255 time=51.0 ms
64 bytes from 192.168.122.1: icmp_seq=2 ttl=255 time=11.7 ms
^C
--- 192.168.122.1 ping statistics ---
2 packets transmitted, 2 received, 0% packet loss, time 1007ms
rtt min/avg/max/mdev = 11.740/31.381/51.022/19.641 ms
ubuntu@ubuntu:~$ ansible-playbook -vv ios_command.yaml
ansible-playbook [core 2.12.0]
  config file = /home/ubuntu/ansible.cfg
  configured module search path = ['/home/ubuntu/.ansible/plugins/modules', '/usr/share/ansible/plugins/modules']
  ansible python module location = /usr/local/lib/python3.8/dist-packages/ansible
  ansible collection location = /home/ubuntu/.ansible/collections:/usr/share/ansible/collections
  executable location = /usr/local/bin/ansible-playbook
  python version = 3.8.10 (default, Sep 28 2021, 16:10:42) [GCC 9.3.0]
  jinja version = 2.10.1
  libyaml = True
Using /home/ubuntu/ansible.cfg as config file
redirecting (type: modules) ansible.builtin.ios_command to cisco.ios.ios_command
Skipping callback 'default', as we already have a stdout callback.
Skipping callback 'minimal', as we already have a stdout callback.
Skipping callback 'oneline', as we already have a stdout callback.

PLAYBOOK: ios_command.yaml *****************************************************
1 plays in ios_command.yaml

PLAY [Running show commands on Cisco IOS] **************************************
META: ran handlers

TASK [Run multiple commands on Cisco IOS nodes] ********************************
task path: /home/ubuntu/ios_command.yaml:8
redirecting (type: connection) ansible.builtin.network_cli to ansible.netcommon.network_cli
redirecting (type: connection) ansible.builtin.network_cli to ansible.netcommon.network_cli
redirecting (type: terminal) ansible.builtin.ios to cisco.ios.ios
redirecting (type: cliconf) ansible.builtin.ios to cisco.ios.ios
redirecting (type: connection) ansible.builtin.network_cli to ansible.netcommon.network_cli
redirecting (type: terminal) ansible.builtin.ios to cisco.ios.ios
redirecting (type: cliconf) ansible.builtin.ios to cisco.ios.ios
redirecting (type: terminal) ansible.builtin.ios to cisco.ios.ios
redirecting (type: cliconf) ansible.builtin.ios to cisco.ios.ios
redirecting (type: action) ansible.builtin.ios to cisco.ios.ios
redirecting (type: action) ansible.builtin.ios to cisco.ios.ios
redirecting (type: action) ansible.builtin.ios to cisco.ios.ios
redirecting (type: action) ansible.builtin.ios to cisco.ios.ios
redirecting (type: modules) ansible.builtin.ios_command to cisco.ios.ios_command
redirecting (type: action) ansible.builtin.ios to cisco.ios.ios
redirecting (type: action) ansible.builtin.ios to cisco.ios.ios
redirecting (type: modules) ansible.builtin.ios_command to cisco.ios.ios_command
redirecting (type: modules) ansible.builtin.ios_command to cisco.ios.ios_command
fatal: [10.1.1.1]: FAILED! => {"changed": false, "msg": "socket path /home/ubuntu/.ansible/pc/548a11ab47 does not exist or cannot be found. See Troubleshooting socket path issues in the Ne}
fatal: [10.1.1.10]: FAILED! => {"changed": false, "msg": "socket path /home/ubuntu/.ansible/pc/33675a6c90 does not exist or cannot be found. See Troubleshooting socket path issues in the N}
fatal: [192.168.122.1]: FAILED! => {"changed": false, "msg": "socket path /home/ubuntu/.ansible/pc/cc907af325 does not exist or cannot be found. See Troubleshooting socket path issues in t}

PLAY RECAP *********************************************************************
10.1.1.1                   : ok=0    changed=0    unreachable=0    failed=1    skipped=0    rescued=0    ignored=0
10.1.1.10                  : ok=0    changed=0    unreachable=0    failed=1    skipped=0    rescued=0    ignored=0
192.168.122.1              : ok=0    changed=0    unreachable=0    failed=1    skipped=0    rescued=0    ignored=0

ubuntu@ubuntu:~$ ping 192.168.122.1
PING 192.168.122.1 (192.168.122.1) 56(84) bytes of data.
64 bytes from 192.168.122.1: icmp_seq=1 ttl=255 time=9.11 ms
64 bytes from 192.168.122.1: icmp_seq=2 ttl=255 time=3.24 ms
^C
--- 192.168.122.1 ping statistics ---
2 packets transmitted, 2 received, 0% packet loss, time 1003ms
rtt min/avg/max/mdev = 3.242/6.173/9.105/2.931 ms
ubuntu@ubuntu:~$ ssh admin@192.168.122.1
ssh: connect to host 192.168.122.1 port 22: Connection refused
ubuntu@ubuntu:~$ ssh admin@192.168.122.1
@@@@@@@@@@@@@@@@@@@@@@@@@@@@@@@@@@@@@@@@@@@@@@@@@@@@@@@@@@@
@    WARNING: REMOTE HOST IDENTIFICATION HAS CHANGED!     @
@@@@@@@@@@@@@@@@@@@@@@@@@@@@@@@@@@@@@@@@@@@@@@@@@@@@@@@@@@@
IT IS POSSIBLE THAT SOMEONE IS DOING SOMETHING NASTY!
Someone could be eavesdropping on you right now (man-in-the-middle attack)!
It is also possible that a host key has just been changed.
The fingerprint for the RSA key sent by the remote host is
SHA256:Qg7qjeNsDM0Qw1CvXjjoucJhLjU2x35ynvp86UQdObk.
Please contact your system administrator.
Add correct host key in /home/ubuntu/.ssh/known_hosts to get rid of this message.
Offending RSA key in /home/ubuntu/.ssh/known_hosts:2
  remove with:
  ssh-keygen -f "/home/ubuntu/.ssh/known_hosts" -R "192.168.122.1"
RSA host key for 192.168.122.1 has changed and you have requested strict checking.
Host key verification failed.
ubuntu@ubuntu:~$  ssh-keygen -f "/home/ubuntu/.ssh/known_hosts" -R "192.168.122.1"
# Host 192.168.122.1 found: line 2
/home/ubuntu/.ssh/known_hosts updated.
Original contents retained as /home/ubuntu/.ssh/known_hosts.old
ubuntu@ubuntu:~$ clear ssh-keygen -f "/home/ubuntu/.ssh/known_hosts" -R "192.168.122.1"
ubuntu@ubuntu:~$ ansible-playbook -vv ios_command.yaml n_hosts" -R "192.168.122.1"           sh admin@192.168.122.1
ansible-playbook [core 2.12.0]
  config file = /home/ubuntu/ansible.cfg
  configured module search path = ['/home/ubuntu/.ansible/plugins/modules', '/usr/share/ansible/plugins/modules']
  ansible python module location = /usr/local/lib/python3.8/dist-packages/ansible
  ansible collection location = /home/ubuntu/.ansible/collections:/usr/share/ansible/collections
  executable location = /usr/local/bin/ansible-playbook
  python version = 3.8.10 (default, Sep 28 2021, 16:10:42) [GCC 9.3.0]
  jinja version = 2.10.1
  libyaml = True
Using /home/ubuntu/ansible.cfg as config file
redirecting (type: modules) ansible.builtin.ios_command to cisco.ios.ios_command
Skipping callback 'default', as we already have a stdout callback.
Skipping callback 'minimal', as we already have a stdout callback.
Skipping callback 'oneline', as we already have a stdout callback.

PLAYBOOK: ios_command.yaml *****************************************************
1 plays in ios_command.yaml

PLAY [Running show commands on Cisco IOS] **************************************
META: ran handlers

TASK [Run multiple commands on Cisco IOS nodes] ********************************
task path: /home/ubuntu/ios_command.yaml:8
redirecting (type: connection) ansible.builtin.network_cli to ansible.netcommon.network_cli
redirecting (type: connection) ansible.builtin.network_cli to ansible.netcommon.network_cli
redirecting (type: terminal) ansible.builtin.ios to cisco.ios.ios
redirecting (type: cliconf) ansible.builtin.ios to cisco.ios.ios
redirecting (type: connection) ansible.builtin.network_cli to ansible.netcommon.network_cli
redirecting (type: terminal) ansible.builtin.ios to cisco.ios.ios
redirecting (type: cliconf) ansible.builtin.ios to cisco.ios.ios
redirecting (type: terminal) ansible.builtin.ios to cisco.ios.ios
redirecting (type: cliconf) ansible.builtin.ios to cisco.ios.ios
redirecting (type: action) ansible.builtin.ios to cisco.ios.ios
redirecting (type: action) ansible.builtin.ios to cisco.ios.ios
redirecting (type: action) ansible.builtin.ios to cisco.ios.ios
redirecting (type: action) ansible.builtin.ios to cisco.ios.ios
redirecting (type: action) ansible.builtin.ios to cisco.ios.ios
redirecting (type: action) ansible.builtin.ios to cisco.ios.ios
redirecting (type: modules) ansible.builtin.ios_command to cisco.ios.ios_command
redirecting (type: modules) ansible.builtin.ios_command to cisco.ios.ios_command
redirecting (type: modules) ansible.builtin.ios_command to cisco.ios.ios_command
fatal: [10.1.1.10]: FAILED! => {"changed": false, "msg": "socket path /home/ubuntu/.ansible/pc/367b8144eb does not exist or cannot be found. See Troubleshooting socket path issues in the N}
fatal: [192.168.122.1]: FAILED! => {"changed": false, "msg": "socket path /home/ubuntu/.ansible/pc/e671bbcfab does not exist or cannot be found. See Troubleshooting socket path issues in t}
fatal: [10.1.1.1]: FAILED! => {"changed": false, "msg": "socket path /home/ubuntu/.ansible/pc/3b0d0f3e48 does not exist or cannot be found. See Troubleshooting socket path issues in the Ne}

PLAY RECAP *********************************************************************
10.1.1.1                   : ok=0    changed=0    unreachable=0    failed=1    skipped=0    rescued=0    ignored=0
10.1.1.10                  : ok=0    changed=0    unreachable=0    failed=1    skipped=0    rescued=0    ignored=0
192.168.122.1              : ok=0    changed=0    unreachable=0    failed=1    skipped=0    rescued=0    ignored=0
                                                                                                  sh admin@192.168.122.1
The authenticity of host '192.168.122.1 (192.168.122.1)' can't be established.
RSA key fingerprint is SHA256:Qg7qjeNsDM0Qw1CvXjjoucJhLjU2x35ynvp86UQdObk.
Are you sure you want to continue connecting (yes/no/[fingerprint])? yes
Warning: Permanently added '192.168.122.1' (RSA) to the list of known hosts.
admin@192.168.122.1's password:

R1#exit
Connection to 192.168.122.1 closed by remote host.
Connection to 192.168.122.1 closed.
ubuntu@ubuntu:~$ cat hosts
[routers]
10.1.1.1
10.1.1.10
192.168.122.1

[routers:vars]
ansible_network_os=ios

[all:vars]
ansible_python_interpreter=/usr/bin/python3
#ansible_connection=ssh
ansible_user=admin
ansible_ssh_pass=admin
ubuntu@ubuntu:~$ ansible-playbook -vv ios_command.yaml
ansible-playbook [core 2.12.0]
  config file = /home/ubuntu/ansible.cfg
  configured module search path = ['/home/ubuntu/.ansible/plugins/modules', '/usr/share/ansible/plugins/modules']
  ansible python module location = /usr/local/lib/python3.8/dist-packages/ansible
  ansible collection location = /home/ubuntu/.ansible/collections:/usr/share/ansible/collections
  executable location = /usr/local/bin/ansible-playbook
  python version = 3.8.10 (default, Sep 28 2021, 16:10:42) [GCC 9.3.0]
  jinja version = 2.10.1
  libyaml = True
Using /home/ubuntu/ansible.cfg as config file
redirecting (type: modules) ansible.builtin.ios_command to cisco.ios.ios_command
Skipping callback 'default', as we already have a stdout callback.
Skipping callback 'minimal', as we already have a stdout callback.
Skipping callback 'oneline', as we already have a stdout callback.

PLAYBOOK: ios_command.yaml *****************************************************
1 plays in ios_command.yaml

PLAY [Running show commands on Cisco IOS] **************************************
META: ran handlers

TASK [Run multiple commands on Cisco IOS nodes] ********************************
task path: /home/ubuntu/ios_command.yaml:8
redirecting (type: connection) ansible.builtin.network_cli to ansible.netcommon.network_cli
redirecting (type: connection) ansible.builtin.network_cli to ansible.netcommon.network_cli
redirecting (type: terminal) ansible.builtin.ios to cisco.ios.ios
redirecting (type: cliconf) ansible.builtin.ios to cisco.ios.ios
redirecting (type: connection) ansible.builtin.network_cli to ansible.netcommon.network_cli
redirecting (type: terminal) ansible.builtin.ios to cisco.ios.ios
redirecting (type: cliconf) ansible.builtin.ios to cisco.ios.ios
redirecting (type: terminal) ansible.builtin.ios to cisco.ios.ios
redirecting (type: cliconf) ansible.builtin.ios to cisco.ios.ios
redirecting (type: action) ansible.builtin.ios to cisco.ios.ios
redirecting (type: action) ansible.builtin.ios to cisco.ios.ios
redirecting (type: action) ansible.builtin.ios to cisco.ios.ios
redirecting (type: action) ansible.builtin.ios to cisco.ios.ios
redirecting (type: modules) ansible.builtin.ios_command to cisco.ios.ios_command
redirecting (type: modules) ansible.builtin.ios_command to cisco.ios.ios_command
redirecting (type: action) ansible.builtin.ios to cisco.ios.ios
redirecting (type: action) ansible.builtin.ios to cisco.ios.ios
redirecting (type: modules) ansible.builtin.ios_command to cisco.ios.ios_command
fatal: [192.168.122.1]: FAILED! => {"changed": false, "msg": "socket path /home/ubuntu/.ansible/pc/e54db9772e does not exist or cannot be found. See Troubleshooting socket path issues in t}
fatal: [10.1.1.1]: FAILED! => {"changed": false, "msg": "socket path /home/ubuntu/.ansible/pc/38cf4d3e5e does not exist or cannot be found. See Troubleshooting socket path issues in the Ne}
fatal: [10.1.1.10]: FAILED! => {"changed": false, "msg": "socket path /home/ubuntu/.ansible/pc/6dd3430e4d does not exist or cannot be found. See Troubleshooting socket path issues in the N}

PLAY RECAP *********************************************************************
10.1.1.1                   : ok=0    changed=0    unreachable=0    failed=1    skipped=0    rescued=0    ignored=0
10.1.1.10                  : ok=0    changed=0    unreachable=0    failed=1    skipped=0    rescued=0    ignored=0
192.168.122.1              : ok=0    changed=0    unreachable=0    failed=1    skipped=0    rescued=0    ignored=0

ubuntu@ubuntu:~$ ls ./ansible/pc
ls: cannot access './ansible/pc': No such file or directory
ubuntu@ubuntu:~$ ls -la ./ansible/pc
ls: cannot access './ansible/pc': No such file or directory
ubuntu@ubuntu:~$ ls -la .ansible/pc
total 8
drwxrwxr-x 2 ubuntu ubuntu 4096 Dec  4 17:51 .
drwxrwxr-x 6 ubunansible all -m raw -a 'show version' -u admin -k
SSH password:
10.1.1.1 | UNREACHABLE! => {
    "changed": false,
    "msg": "Failed to connect to the host via ssh: ssh: connect to host 10.1.1.1 port 22: Network is unreachable",
    "unreachable": true
}
10.1.1.10 | UNREACHABLE! => {
    "changed": false,
    "msg": "Failed to connect to the host via ssh: ssh: connect to host 10.1.1.10 port 22: Network is unreachable",
    "unreachable": true
}
192.168.122.1 | CHANGED | rc=0 >>
Cisco IOS Software, 3600 Software (C3640-A3JK9S-M), Version 12.3(11)T, RELEASE SOFTWARE (fc2)
Technical Support: http://www.cisco.com/techsupport
Copyright (c) 1986-2004 by Cisco Systems, Inc.
Compiled Sat 18-Sep-04 14:32 by eaarmas

ROM: ROMMON Emulation Microcode
ROM: 3600 Software (C3640-A3JK9S-M), Version 12.3(11)T, RELEASE SOFTWARE (fc2)

R1 uptime is 1 hour, 42 minutes
System returned to ROM by unknown reload cause - suspect boot_data[BOOT_COUNT] 0x0, BOOT_COUNT 0, BOOTDATA 19
System image file is "tftp://255.255.255.255/unknown"


This product contains cryptographic features and is subject to United
States and local country laws governing import, export, transfer and
use. Delivery of Cisco cryptographic products does not imply
third-party authority to import, export, distribute or use encryption.
Importers, exporters, distributors and users are responsible for
compliance with U.S. and local country laws. By using this product you
agree to comply with applicable laws and regulations. If you are unable
to comply with U.S. and local laws, return this product immediately.

A summary of U.S. laws governing Cisco cryptographic products may be found at:
http://www.cisco.com/wwl/export/crypto/tool/stqrg.html

If you require further assistance please contact us by sending email to
export@cisco.com.

Cisco 3640 (R4700) processor (revision 0xFF) with 187392K/9216K bytes of memory.
Processor board ID FF1045C5
R4700 CPU at 100MHz, Implementation 33, Rev 1.2
2 Ethernet interfaces
2 FastEthernet interfaces
DRAM configuration is 64 bits wide with parity enabled.
253K bytes of NVRAM.
8192K bytes of processor board System flash (Read/Write)

Configuration register is 0x2102
Shared connection to 192.168.122.1 closed.

ubuntu@ubuntu:~$ ls
 192.168.122.1.txt   ios_command.yaml             show_bgp_neighbor.yaml
 ansible.cfg         ios_command_save_file.yaml  '~'
 hosts               routers.yml
ubuntu@ubuntu:~$ cat ios_command.yaml
---
- name: Running show commands on Cisco IOS
  hosts: routers
  gather_facts: false
  connection: network_cli

  tasks:
    - name: Run multiple commands on Cisco IOS nodes
      ios_command: #ansible module
        commands: #commands to run
          - show version
          - show ip interface brief

      register: output    #register the output in a variable named output

    -  debug: var=output.stdout_lines   #print the variable at the console line by line

...


# Description:
# Run show commands using ios_command module
# http://docs.ansible.com/ansible/latest/ios_command_module.html

# Command to run:
# ansible-playbook -i ./hosts ./ios_command.yaml -u u1 -k
# both hosts and yaml file are in the current working directory
ubuntu@ubuntu:~$ cat ansible.cfg
[defaults]
#inventory      = /etc/ansible/hosts
inventory      = hosts
ubuntu@ubuntu:~$ ansible-playbook -vvvv ios_command.yaml
ansible-playbook [core 2.12.0]
  config file = /home/ubuntu/ansible.cfg
  configured module search path = ['/home/ubuntu/.ansible/plugins/modules', '/usr/share/ansible/plugins/modules']
  ansible python module location = /usr/local/lib/python3.8/dist-packages/ansible
  ansible collection location = /home/ubuntu/.ansible/collections:/usr/share/ansible/collections
  executable location = /usr/local/bin/ansible-playbook
  python version = 3.8.10 (default, Sep 28 2021, 16:10:42) [GCC 9.3.0]
  jinja version = 2.10.1
  libyaml = True
Using /home/ubuntu/ansible.cfg as config file
setting up inventory plugins
host_list declined parsing /home/ubuntu/hosts as it did not pass its verify_file() method
script declined parsing /home/ubuntu/hosts as it did not pass its verify_file() method
auto declined parsing /home/ubuntu/hosts as it did not pass its verify_file() method
Parsed /home/ubuntu/hosts inventory source with ini plugin
redirecting (type: modules) ansible.builtin.ios_command to cisco.ios.ios_command
Loading collection cisco.ios from /usr/local/lib/python3.8/dist-packages/ansible_collections/cisco/ios
Loading callback plugin default of type stdout, v2.0 from /usr/local/lib/python3.8/dist-packages/ansible/plugins/callback/default.py
Skipping callback 'default', as we already have a stdout callback.
Skipping callback 'minimal', as we already have a stdout callback.
Skipping callback 'oneline', as we already have a stdout callback.

PLAYBOOK: ios_command.yaml *****************************************************
Positional arguments: ios_command.yaml
verbosity: 4
connection: smart
timeout: 10
become_method: sudo
tags: ('all',)
inventory: ('/home/ubuntu/hosts',)
forks: 5
1 plays in ios_command.yaml

PLAY [Running show commands on Cisco IOS] **************************************
META: ran handlers

TASK [Run multiple commands on Cisco IOS nodes] ********************************
task path: /home/ubuntu/ios_command.yaml:8
redirecting (type: connection) ansible.builtin.network_cli to ansible.netcommon.network_cli
Loading collection ansible.netcommon from /usr/local/lib/python3.8/dist-packages/ansible_collections/ansible/netcommon
redirecting (type: connection) ansible.builtin.network_cli to ansible.netcommon.network_cli
Loading collection ansible.netcommon from /usr/local/lib/python3.8/dist-packages/ansible_collections/ansible/netcommon
redirecting (type: terminal) ansible.builtin.ios to cisco.ios.ios
redirecting (type: cliconf) ansible.builtin.ios to cisco.ios.ios
<10.1.1.1> attempting to start connection
<10.1.1.1> using connection plugin ansible.netcommon.network_cli
Found ansible-connection at path /usr/local/bin/ansible-connection
redirecting (type: connection) ansible.builtin.network_cli to ansible.netcommon.network_cli
Loading collection ansible.netcommon from /usr/local/lib/python3.8/dist-packages/ansible_collections/ansible/netcommon
redirecting (type: terminal) ansible.builtin.ios to cisco.ios.ios
redirecting (type: cliconf) ansible.builtin.ios to cisco.ios.ios
<10.1.1.10> attempting to start connection
<10.1.1.10> using connection plugin ansible.netcommon.network_cli
Found ansible-connection at path /usr/local/bin/ansible-connection
redirecting (type: terminal) ansible.builtin.ios to cisco.ios.ios
redirecting (type: cliconf) ansible.builtin.ios to cisco.ios.ios
<192.168.122.1> attempting to start connection
<192.168.122.1> using connection plugin ansible.netcommon.network_cli
Found ansible-connection at path /usr/local/bin/ansible-connection
<10.1.1.1> local domain socket does not exist, starting it
<10.1.1.1> control socket path is /home/ubuntu/.ansible/pc/d59681ec7b
<10.1.1.1> redirecting (type: connection) ansible.builtin.network_cli to ansible.netcommon.network_cli
<10.1.1.1> Loading collection ansible.netcommon from /usr/local/lib/python3.8/dist-packages/ansible_collections/ansible/netcommon
<10.1.1.1> redirecting (type: terminal) ansible.builtin.ios to cisco.ios.ios
<10.1.1.1> Loading collection cisco.ios from /usr/local/lib/python3.8/dist-packages/ansible_collections/cisco/ios
<10.1.1.1> redirecting (type: cliconf) ansible.builtin.ios to cisco.ios.ios
<10.1.1.1> local domain socket listeners started successfully
<10.1.1.1> loaded cliconf plugin ansible_collections.cisco.ios.plugins.cliconf.ios from path /usr/local/lib/python3.8/dist-packages/ansible_collections/cisco/ios/plugins/cliconf/ios.py fors
<10.1.1.1> ssh type is set to paramiko
<10.1.1.1>
<10.1.1.1> local domain socket path is /home/ubuntu/.ansible/pc/d59681ec7b
redirecting (type: action) ansible.builtin.ios to cisco.ios.ios
<10.1.1.1> Using network group action ios for ios_command
<10.1.1.10> local domain socket does not exist, starting it
redirecting (type: action) ansible.builtin.ios to cisco.ios.ios
<10.1.1.10> control socket path is /home/ubuntu/.ansible/pc/d2452bb521
<10.1.1.10> redirecting (type: connection) ansible.builtin.network_cli to ansible.netcommon.network_cli
<10.1.1.10> Loading collection ansible.netcommon from /usr/local/lib/python3.8/dist-packages/ansible_collections/ansible/netcommon
<10.1.1.10> redirecting (type: terminal) ansible.builtin.ios to cisco.ios.ios
<10.1.1.10> Loading collection cisco.ios from /usr/local/lib/python3.8/dist-packages/ansible_collections/cisco/ios
<10.1.1.10> redirecting (type: cliconf) ansible.builtin.ios to cisco.ios.ios
<10.1.1.10> local domain socket listeners started successfully
<10.1.1.10> loaded cliconf plugin ansible_collections.cisco.ios.plugins.cliconf.ios from path /usr/local/lib/python3.8/dist-packages/ansible_collections/cisco/ios/plugins/cliconf/ios.py fos
<10.1.1.10> ssh type is set to paramiko
<10.1.1.10>
<10.1.1.10> local domain socket path is /home/ubuntu/.ansible/pc/d2452bb521
<10.1.1.1> ANSIBLE_NETWORK_IMPORT_MODULES: disabled
<10.1.1.1> ANSIBLE_NETWORK_IMPORT_MODULES: module execution time may be extended
redirecting (type: action) ansible.builtin.ios to cisco.ios.ios
<10.1.1.1> ESTABLISH LOCAL CONNECTION FOR USER: ubuntu
<10.1.1.1> EXEC /bin/sh -c '( umask 77 && mkdir -p "` echo /home/ubuntu/.ansible/tmp/ansible-local-17738umw2jofl `"&& mkdir "` echo /home/ubuntu/.ansible/tmp/ansible-local-17738umw2jofl/an'
<10.1.1.10> Using network group action ios for ios_command
redirecting (type: action) ansible.builtin.ios to cisco.ios.ios
<192.168.122.1> local domain socket does not exist, starting it
<192.168.122.1> control socket path is /home/ubuntu/.ansible/pc/8308c71b6a
<192.168.122.1> redirecting (type: connection) ansible.builtin.network_cli to ansible.netcommon.network_cli
<192.168.122.1> Loading collection ansible.netcommon from /usr/local/lib/python3.8/dist-packages/ansible_collections/ansible/netcommon
<192.168.122.1> redirecting (type: terminal) ansible.builtin.ios to cisco.ios.ios
<192.168.122.1> Loading collection cisco.ios from /usr/local/lib/python3.8/dist-packages/ansible_collections/cisco/ios
<192.168.122.1> redirecting (type: cliconf) ansible.builtin.ios to cisco.ios.ios
<192.168.122.1> local domain socket listeners started successfully
<192.168.122.1> loaded cliconf plugin ansible_collections.cisco.ios.plugins.cliconf.ios from path /usr/local/lib/python3.8/dist-packages/ansible_collections/cisco/ios/plugins/cliconf/ios.ps
<192.168.122.1> ssh type is set to paramiko
<192.168.122.1>
<192.168.122.1> local domain socket path is /home/ubuntu/.ansible/pc/8308c71b6a
redirecting (type: action) ansible.builtin.ios to cisco.ios.ios
<10.1.1.10> ANSIBLE_NETWORK_IMPORT_MODULES: disabled
<10.1.1.10> ANSIBLE_NETWORK_IMPORT_MODULES: module execution time may be extended
<192.168.122.1> Using network group action ios for ios_command
<10.1.1.10> ESTABLISH LOCAL CONNECTION FOR USER: ubuntu
redirecting (type: action) ansible.builtin.ios to cisco.ios.ios
<10.1.1.10> EXEC /bin/sh -c '( umask 77 && mkdir -p "` echo /home/ubuntu/.ansible/tmp/ansible-local-17738umw2jofl `"&& mkdir "` echo /home/ubuntu/.ansible/tmp/ansible-local-17738umw2jofl/a'
<192.168.122.1> ANSIBLE_NETWORK_IMPORT_MODULES: disabled
<192.168.122.1> ANSIBLE_NETWORK_IMPORT_MODULES: module execution time may be extended
<192.168.122.1> ESTABLISH LOCAL CONNECTION FOR USER: ubuntu
<192.168.122.1> EXEC /bin/sh -c '( umask 77 && mkdir -p "` echo /home/ubuntu/.ansible/tmp/ansible-local-17738umw2jofl `"&& mkdir "` echo /home/ubuntu/.ansible/tmp/ansible-local-17738umw2jo'
redirecting (type: modules) ansible.builtin.ios_command to cisco.ios.ios_command
redirecting (type: modules) ansible.builtin.ios_command to cisco.ios.ios_command
redirecting (type: modules) ansible.builtin.ios_command to cisco.ios.ios_command
Using module file /usr/local/lib/python3.8/dist-packages/ansible_collections/cisco/ios/plugins/modules/ios_command.py
Using module file /usr/local/lib/python3.8/dist-packages/ansible_collections/cisco/ios/plugins/modules/ios_command.py
<10.1.1.1> PUT /home/ubuntu/.ansible/tmp/ansible-local-17738umw2jofl/tmphvyd8l9e TO /home/ubuntu/.ansible/tmp/ansible-local-17738umw2jofl/ansible-tmp-1638640736.1470208-17783-1297280845234y
Using module file /usr/local/lib/python3.8/dist-packages/ansible_collections/cisco/ios/plugins/modules/ios_command.py
<10.1.1.1> EXEC /bin/sh -c 'chmod u+x /home/ubuntu/.ansible/tmp/ansible-local-17738umw2jofl/ansible-tmp-1638640736.1470208-17783-129728084523447/ /home/ubuntu/.ansible/tmp/ansible-local-17'
<192.168.122.1> PUT /home/ubuntu/.ansible/tmp/ansible-local-17738umw2jofl/tmpjnjtgqbb TO /home/ubuntu/.ansible/tmp/ansible-local-17738umw2jofl/ansible-tmp-1638640738.6609623-17794-14244952y
<10.1.1.10> PUT /home/ubuntu/.ansible/tmp/ansible-local-17738umw2jofl/tmpzm48topc TO /home/ubuntu/.ansible/tmp/ansible-local-17738umw2jofl/ansible-tmp-1638640737.5291119-17788-277589925757y
<192.168.122.1> EXEC /bin/sh -c 'chmod u+x /home/ubuntu/.ansible/tmp/ansible-local-17738umw2jofl/ansible-tmp-1638640738.6609623-17794-142449529464930/ /home/ubuntu/.ansible/tmp/ansible-loc'
<10.1.1.10> EXEC /bin/sh -c 'chmod u+x /home/ubuntu/.ansible/tmp/ansible-local-17738umw2jofl/ansible-tmp-1638640737.5291119-17788-277589925757844/ /home/ubuntu/.ansible/tmp/ansible-local-1'
<10.1.1.1> EXEC /bin/sh -c '/usr/bin/python3 /home/ubuntu/.ansible/tmp/ansible-local-17738umw2jofl/ansible-tmp-1638640736.1470208-17783-129728084523447/AnsiballZ_ios_command.py && sleep 0'
<192.168.122.1> EXEC /bin/sh -c '/usr/bin/python3 /home/ubuntu/.ansible/tmp/ansible-local-17738umw2jofl/ansible-tmp-1638640738.6609623-17794-142449529464930/AnsiballZ_ios_command.py && sle'
<10.1.1.10> EXEC /bin/sh -c '/usr/bin/python3 /home/ubuntu/.ansible/tmp/ansible-local-17738umw2jofl/ansible-tmp-1638640737.5291119-17788-277589925757844/AnsiballZ_ios_command.py && sleep 0'
<192.168.122.1> EXEC /bin/sh -c 'rm -f -r /home/ubuntu/.ansible/tmp/ansible-local-17738umw2jofl/ansible-tmp-1638640738.6609623-17794-142449529464930/ > /dev/null 2>&1 && sleep 0'
<10.1.1.10> EXEC /bin/sh -c 'rm -f -r /home/ubuntu/.ansible/tmp/ansible-local-17738umw2jofl/ansible-tmp-1638640737.5291119-17788-277589925757844/ > /dev/null 2>&1 && sleep 0'
<10.1.1.1> EXEC /bin/sh -c 'rm -f -r /home/ubuntu/.ansible/tmp/ansible-local-17738umw2jofl/ansible-tmp-1638640736.1470208-17783-129728084523447/ > /dev/null 2>&1 && sleep 0'
The full traceback is:
